Archive member included because of file (symbol)

C:/Freescale/CW MCU v10.6/MCU/ARM_GCC_Support/ewl/lib/armv6-m\libc.a(exit.o)
                              ./Project_Settings/Startup_Code/__arm_start.o (exit)
C:/Freescale/CW MCU v10.6/MCU/ARM_GCC_Support/ewl/lib/armv6-m\libc.a(rand.o)
                              ./Sources/Events.o (rand)
C:/Freescale/CW MCU v10.6/MCU/ARM_GCC_Support/ewl/lib/armv6-m\libc.a(memset.o)
                              ./Project_Settings/Startup_Code/__arm_start.o (memset)
C:/Freescale/CW MCU v10.6/MCU/ARM_GCC_Support/ewl/lib/armv6-m\libc.a(printformat_.o)
                              (__pformatter_)
C:/Freescale/CW MCU v10.6/MCU/ARM_GCC_Support/ewl/lib/armv6-m\libc.a(scanformat_.o)
                              (__sformatter)
C:/Freescale/CW MCU v10.6/MCU/ARM_GCC_Support/ewl/lib/armv6-m\libc.a(ctype_aeabi.o)
                              C:/Freescale/CW MCU v10.6/MCU/ARM_GCC_Support/ewl/lib/armv6-m\libc.a(scanformat_.o) (isspace)
C:/Freescale/CW MCU v10.6/MCU/ARM_GCC_Support/ewl/lib/armv6-m\libc.a(__strtoul.o)
                              C:/Freescale/CW MCU v10.6/MCU/ARM_GCC_Support/ewl/lib/armv6-m\libc.a(scanformat_.o) (__strtoul)
C:/Freescale/CW MCU v10.6/MCU/ARM_GCC_Support/ewl/lib/armv6-m\libc.a(__filll_mem.o)
                              C:/Freescale/CW MCU v10.6/MCU/ARM_GCC_Support/ewl/lib/armv6-m\libc.a(memset.o) (__fill_mem)
C:/Freescale/CW MCU v10.6/MCU/ARM_GCC_Support/ewl/lib/armv6-m\libc.a(memchr.o)
                              C:/Freescale/CW MCU v10.6/MCU/ARM_GCC_Support/ewl/lib/armv6-m\libc.a(printformat_.o) (memchr)
C:/Freescale/CW MCU v10.6/MCU/ARM_GCC_Support/ewl/lib/armv6-m\libc.a(memcpy.o)
                              C:/Freescale/CW MCU v10.6/MCU/ARM_GCC_Support/ewl/lib/armv6-m\libc.a(scanformat_.o) (memcpy)
C:/Freescale/CW MCU v10.6/MCU/ARM_GCC_Support/ewl/lib/armv6-m\libc.a(strchr.o)
                              C:/Freescale/CW MCU v10.6/MCU/ARM_GCC_Support/ewl/lib/armv6-m\libc.a(printformat_.o) (strchr)
C:/Freescale/CW MCU v10.6/MCU/ARM_GCC_Support/ewl/lib/armv6-m\libc.a(strlen.o)
                              C:/Freescale/CW MCU v10.6/MCU/ARM_GCC_Support/ewl/lib/armv6-m\libc.a(printformat_.o) (strlen)
c:/freescale/cw mcu v10.6/cross_tools/arm-none-eabi-gcc-4_7_3/bin/../lib/gcc/arm-none-eabi/4.7.3/armv6-m\libgcc.a(_thumb1_case_sqi.o)
                              C:/Freescale/CW MCU v10.6/MCU/ARM_GCC_Support/ewl/lib/armv6-m\libc.a(__strtoul.o) (__gnu_thumb1_case_sqi)
c:/freescale/cw mcu v10.6/cross_tools/arm-none-eabi-gcc-4_7_3/bin/../lib/gcc/arm-none-eabi/4.7.3/armv6-m\libgcc.a(_thumb1_case_uqi.o)
                              C:/Freescale/CW MCU v10.6/MCU/ARM_GCC_Support/ewl/lib/armv6-m\libc.a(scanformat_.o) (__gnu_thumb1_case_uqi)
c:/freescale/cw mcu v10.6/cross_tools/arm-none-eabi-gcc-4_7_3/bin/../lib/gcc/arm-none-eabi/4.7.3/armv6-m\libgcc.a(_udivsi3.o)
                              C:/Freescale/CW MCU v10.6/MCU/ARM_GCC_Support/ewl/lib/armv6-m\libc.a(printformat_.o) (__aeabi_uidiv)
c:/freescale/cw mcu v10.6/cross_tools/arm-none-eabi-gcc-4_7_3/bin/../lib/gcc/arm-none-eabi/4.7.3/armv6-m\libgcc.a(_divsi3.o)
                              ./Sources/Events.o (__aeabi_idivmod)
c:/freescale/cw mcu v10.6/cross_tools/arm-none-eabi-gcc-4_7_3/bin/../lib/gcc/arm-none-eabi/4.7.3/armv6-m\libgcc.a(_dvmd_tls.o)
                              c:/freescale/cw mcu v10.6/cross_tools/arm-none-eabi-gcc-4_7_3/bin/../lib/gcc/arm-none-eabi/4.7.3/armv6-m\libgcc.a(_udivsi3.o) (__aeabi_idiv0)
C:/Freescale/CW MCU v10.6/MCU/ARM_GCC_Support/ewl/lib/armv6-m\librt.a(gcc_ctor_dtor.o)
                              ./Project_Settings/Startup_Code/__arm_start.o (__init_cpp)
C:/Freescale/CW MCU v10.6/MCU/ARM_GCC_Support/ewl/lib/armv6-m\librt.a(ROMCopy.o)
                              ./Project_Settings/Startup_Code/__arm_start.o (__copy_rom_sections_to_ram)
C:/Freescale/CW MCU v10.6/MCU/ARM_GCC_Support/ewl/lib/armv6-m\librt.a(__arm_eabi_init.o)
                              C:/Freescale/CW MCU v10.6/MCU/ARM_GCC_Support/ewl/lib/armv6-m\libc.a(exit.o) (__destroy_global_chain)

Allocating common symbols
Common symbol       size              file

SR_reg              0x1               ./Generated_Code/Microcontrolador.o

Discarded input sections

 .text          0x00000000        0x0 ./Generated_Code/f8.o
 .data          0x00000000        0x0 ./Generated_Code/f8.o
 .bss           0x00000000        0x0 ./Generated_Code/f8.o
 .debug_info    0x00000000       0x76 ./Generated_Code/f8.o
 .debug_abbrev  0x00000000       0x28 ./Generated_Code/f8.o
 .debug_aranges
                0x00000000       0x18 ./Generated_Code/f8.o
 .debug_macinfo
                0x00000000    0x3b2e8 ./Generated_Code/f8.o
 .debug_line    0x00000000      0x27e ./Generated_Code/f8.o
 .debug_str     0x00000000      0x127 ./Generated_Code/f8.o
 .comment       0x00000000       0x7a ./Generated_Code/f8.o
 .ARM.attributes
                0x00000000       0x31 ./Generated_Code/f8.o
[...]
Memory Configuration

Name             Origin             Length             Attributes
m_interrupts     0x00000000         0x000000c0         xr
m_text           0x00000410         0x0003fbf0         xr
m_data           0x1fffe000         0x00008000         rw
m_cfmprotrom     0x00000400         0x00000010         xr
*default*        0x00000000         0xffffffff

Linker script and memory map

LOAD ./Generated_Code/f8.o
LOAD ./Generated_Code/f7.o
LOAD ./Generated_Code/f6.o
LOAD ./Generated_Code/f5.o
LOAD ./Generated_Code/f4.o
LOAD ./Generated_Code/f3.o
LOAD ./Generated_Code/f2.o
LOAD ./Generated_Code/f1.o
LOAD ./Generated_Code/c9.o
LOAD ./Generated_Code/c8.o
LOAD ./Generated_Code/c7.o
LOAD ./Generated_Code/c6.o
LOAD ./Generated_Code/c5.o
LOAD ./Generated_Code/c4.o
LOAD ./Generated_Code/c3.o
LOAD ./Generated_Code/c2.o
LOAD ./Generated_Code/c16.o
LOAD ./Generated_Code/c15.o
LOAD ./Generated_Code/c14.o
LOAD ./Generated_Code/c13.o
LOAD ./Generated_Code/c12.o
LOAD ./Generated_Code/c11.o
LOAD ./Generated_Code/c10.o
LOAD ./Generated_Code/c1.o
LOAD ./Generated_Code/Vida3_J2.o
LOAD ./Generated_Code/Vida3_J1.o
LOAD ./Generated_Code/Vida2_J2.o
LOAD ./Generated_Code/Vida2_J1.o
LOAD ./Generated_Code/Vida1_J2.o
LOAD ./Generated_Code/Vida1_J1.o
LOAD ./Generated_Code/Vectors.o
LOAD ./Generated_Code/UP2.o
LOAD ./Generated_Code/UP1.o
LOAD ./Generated_Code/Sonido.o
LOAD ./Generated_Code/Procesamiento.o
LOAD ./Generated_Code/PTC.o
LOAD ./Generated_Code/PTA.o
LOAD ./Generated_Code/PE_LDD.o
LOAD ./Generated_Code/Microcontrolador.o
LOAD ./Generated_Code/Matriz.o
LOAD ./Generated_Code/ExtIntLdd4.o
LOAD ./Generated_Code/ExtIntLdd3.o
LOAD ./Generated_Code/ExtIntLdd2.o
LOAD ./Generated_Code/ExtIntLdd1.o
LOAD ./Generated_Code/DOWN2.o
LOAD ./Generated_Code/DOWN1.o
LOAD ./Generated_Code/BitIoLdd9.o
LOAD ./Generated_Code/BitIoLdd8.o
LOAD ./Generated_Code/BitIoLdd7.o
LOAD ./Generated_Code/BitIoLdd6.o
LOAD ./Generated_Code/BitIoLdd5.o
LOAD ./Generated_Code/BitIoLdd4.o
LOAD ./Generated_Code/BitIoLdd31.o
LOAD ./Generated_Code/BitIoLdd30.o
LOAD ./Generated_Code/BitIoLdd3.o
LOAD ./Generated_Code/BitIoLdd29.o
LOAD ./Generated_Code/BitIoLdd28.o
LOAD ./Generated_Code/BitIoLdd27.o
LOAD ./Generated_Code/BitIoLdd26.o
LOAD ./Generated_Code/BitIoLdd25.o
LOAD ./Generated_Code/BitIoLdd24.o
LOAD ./Generated_Code/BitIoLdd23.o
LOAD ./Generated_Code/BitIoLdd22.o
LOAD ./Generated_Code/BitIoLdd21.o
LOAD ./Generated_Code/BitIoLdd20.o
LOAD ./Generated_Code/BitIoLdd2.o
LOAD ./Generated_Code/BitIoLdd19.o
LOAD ./Generated_Code/BitIoLdd18.o
LOAD ./Generated_Code/BitIoLdd17.o
LOAD ./Generated_Code/BitIoLdd16.o
LOAD ./Generated_Code/BitIoLdd15.o
LOAD ./Generated_Code/BitIoLdd14.o
LOAD ./Generated_Code/BitIoLdd13.o
LOAD ./Generated_Code/BitIoLdd12.o
LOAD ./Generated_Code/BitIoLdd11.o
LOAD ./Generated_Code/BitIoLdd10.o
LOAD ./Generated_Code/BitIoLdd1.o
LOAD ./Project_Settings/Startup_Code/__arm_start.o
LOAD ./Project_Settings/Startup_Code/__arm_end.o
LOAD ./Sources/sa_mtb.o
LOAD ./Sources/main.o
LOAD ./Sources/Events.o
                0x000037d0                __pformatter = __pformatter_
                [0x00003bf8]                __sformatter = __sformatter
START GROUP
LOAD C:/Freescale/CW MCU v10.6/MCU/ARM_GCC_Support/ewl/lib/armv6-m\libc.a
LOAD C:/Freescale/CW MCU v10.6/MCU/ARM_GCC_Support/ewl/lib/armv6-m\libm.a
LOAD c:/freescale/cw mcu v10.6/cross_tools/arm-none-eabi-gcc-4_7_3/bin/../lib/gcc/arm-none-eabi/4.7.3/armv6-m\libgcc.a
LOAD C:/Freescale/CW MCU v10.6/MCU/ARM_GCC_Support/ewl/lib/armv6-m\librt.a
LOAD C:/Freescale/CW MCU v10.6/MCU/ARM_GCC_Support/ewl/lib/armv6-m\libuart.a
END GROUP
                0x20006000                _estack = 0x20006000
                0x20006000                __SP_INIT = _estack
                0x00000000                __heap_size = 0x0
                0x00000400                __stack_size = 0x400

.interrupts     0x00000000       0xc0
                0x00000000                __vector_table = .
                0x00000000                . = ALIGN (0x4)
 *(.vectortable)
 .vectortable   0x00000000       0xc0 ./Generated_Code/Vectors.o
                0x00000000                __vect_table
                0x000000c0                . = ALIGN (0x4)

.cfmprotect     0x00000400       0x10
                0x00000400                . = ALIGN (0x4)
 *(.cfmconfig)
 .cfmconfig     0x00000400       0x10 ./Generated_Code/Microcontrolador.o
                0x00000400                _cfm
                0x00000410                . = ALIGN (0x4)

.text           0x00000410     0x4f18
                0x00000410                . = ALIGN (0x4)
 *(.text)
 .text          0x00000410       0x14 c:/freescale/cw mcu v10.6/cross_tools/arm-none-eabi-gcc-4_7_3/bin/../lib/gcc/arm-none-eabi/4.7.3/armv6-m\libgcc.a(_thumb1_case_sqi.o)
                0x00000410                __gnu_thumb1_case_sqi
 .text          0x00000424       0x14 c:/freescale/cw mcu v10.6/cross_tools/arm-none-eabi-gcc-4_7_3/bin/../lib/gcc/arm-none-eabi/4.7.3/armv6-m\libgcc.a(_thumb1_case_uqi.o)
                0x00000424                __gnu_thumb1_case_uqi
 .text          0x00000438       0x9c c:/freescale/cw mcu v10.6/cross_tools/arm-none-eabi-gcc-4_7_3/bin/../lib/gcc/arm-none-eabi/4.7.3/armv6-m\libgcc.a(_udivsi3.o)
                0x00000438                __aeabi_uidiv
                0x00000438                __udivsi3
                0x000004c0                __aeabi_uidivmod
 .text          0x000004d4       0xc0 c:/freescale/cw mcu v10.6/cross_tools/arm-none-eabi-gcc-4_7_3/bin/../lib/gcc/arm-none-eabi/4.7.3/armv6-m\libgcc.a(_divsi3.o)
                0x000004d4                __divsi3
                0x000004d4                __aeabi_idiv
                0x00000580                __aeabi_idivmod
 .text          0x00000594        0x4 c:/freescale/cw mcu v10.6/cross_tools/arm-none-eabi-gcc-4_7_3/bin/../lib/gcc/arm-none-eabi/4.7.3/armv6-m\libgcc.a(_dvmd_tls.o)
                0x00000594                __aeabi_idiv0
                0x00000594                __aeabi_ldiv0
 *(.text*)
 .text.ExtIntLdd3_OnInterrupt
                0x00000598       0x14 ./Generated_Code/UP2.o
                0x00000598                ExtIntLdd3_OnInterrupt
 .text.ExtIntLdd1_OnInterrupt
                0x000005ac       0x14 ./Generated_Code/UP1.o
                0x000005ac                ExtIntLdd1_OnInterrupt
 .text.Procesamiento_Init
                0x000005c0       0xcc ./Generated_Code/Procesamiento.o
                0x000005c0                Procesamiento_Init
 .text.Procesamiento_SetPeriodTicks
                0x0000068c       0x3c ./Generated_Code/Procesamiento.o
                0x0000068c                Procesamiento_SetPeriodTicks
 .text.Procesamiento_Interrupt
                0x000006c8       0x5c ./Generated_Code/Procesamiento.o
                0x000006c8                Procesamiento_Interrupt
 .text.PTA_Init
                0x00000724       0x38 ./Generated_Code/PTA.o
                0x00000724                PTA_Init
 .text.Microcontrolador_ivINT_PORTA
                0x0000075c       0x18 ./Generated_Code/Microcontrolador.o
                0x0000075c                Microcontrolador_ivINT_PORTA
 .text.Microcontrolador_INT_NMIInterrupt
                0x00000774        0xc ./Generated_Code/Microcontrolador.o
                0x00000774                Microcontrolador_INT_NMIInterrupt
 .text.Microcontrolador_Interrupt
                0x00000780        0xc ./Generated_Code/Microcontrolador.o
                0x00000780                Microcontrolador_Interrupt
 .text.__init_hardware
                0x0000078c      0x128 ./Generated_Code/Microcontrolador.o
                0x0000078c                __init_hardware
 .text.PE_low_level_init
                0x000008b4      0x218 ./Generated_Code/Microcontrolador.o
                0x000008b4                PE_low_level_init
 .text.Matriz_Init
                0x00000acc       0x94 ./Generated_Code/Matriz.o
                0x00000acc                Matriz_Init
 .text.Matriz_Interrupt
                0x00000b60       0x30 ./Generated_Code/Matriz.o
                0x00000b60                Matriz_Interrupt
 .text.ExtIntLdd4_Init
                0x00000b90       0x84 ./Generated_Code/ExtIntLdd4.o
                0x00000b90                ExtIntLdd4_Init
 .text.ExtIntLdd4_Interrupt
                0x00000c14       0x40 ./Generated_Code/ExtIntLdd4.o
                0x00000c14                ExtIntLdd4_Interrupt
 .text.ExtIntLdd3_Init
                0x00000c54       0x84 ./Generated_Code/ExtIntLdd3.o
                0x00000c54                ExtIntLdd3_Init
 .text.ExtIntLdd3_Interrupt
                0x00000cd8       0x40 ./Generated_Code/ExtIntLdd3.o
                0x00000cd8                ExtIntLdd3_Interrupt
 .text.ExtIntLdd2_Init
                0x00000d18       0x84 ./Generated_Code/ExtIntLdd2.o
                0x00000d18                ExtIntLdd2_Init
 .text.ExtIntLdd2_Interrupt
                0x00000d9c       0x40 ./Generated_Code/ExtIntLdd2.o
                0x00000d9c                ExtIntLdd2_Interrupt
 .text.ExtIntLdd1_Init
                0x00000ddc       0x84 ./Generated_Code/ExtIntLdd1.o
                0x00000ddc                ExtIntLdd1_Init
 .text.ExtIntLdd1_Interrupt
                0x00000e60       0x40 ./Generated_Code/ExtIntLdd1.o
                0x00000e60                ExtIntLdd1_Interrupt
 .text.ExtIntLdd2_OnInterrupt
                0x00000ea0       0x14 ./Generated_Code/DOWN2.o
                0x00000ea0                ExtIntLdd2_OnInterrupt
 .text.ExtIntLdd4_OnInterrupt
                0x00000eb4       0x14 ./Generated_Code/DOWN1.o
                0x00000eb4                ExtIntLdd4_OnInterrupt
 .text.BitIoLdd9_Init
                0x00000ec8       0x64 ./Generated_Code/BitIoLdd9.o
                0x00000ec8                BitIoLdd9_Init
 .text.BitIoLdd9_PutVal
                0x00000f2c       0x34 ./Generated_Code/BitIoLdd9.o
                0x00000f2c                BitIoLdd9_PutVal
 .text.BitIoLdd8_Init
                0x00000f60       0x64 ./Generated_Code/BitIoLdd8.o
                0x00000f60                BitIoLdd8_Init
 .text.BitIoLdd8_PutVal
                0x00000fc4       0x34 ./Generated_Code/BitIoLdd8.o
                0x00000fc4                BitIoLdd8_PutVal
 .text.BitIoLdd7_Init
                0x00000ff8       0x64 ./Generated_Code/BitIoLdd7.o
                0x00000ff8                BitIoLdd7_Init
 .text.BitIoLdd7_PutVal
                0x0000105c       0x34 ./Generated_Code/BitIoLdd7.o
                0x0000105c                BitIoLdd7_PutVal
 .text.BitIoLdd6_Init
                0x00001090       0x60 ./Generated_Code/BitIoLdd6.o
                0x00001090                BitIoLdd6_Init
 .text.BitIoLdd6_PutVal
                0x000010f0       0x30 ./Generated_Code/BitIoLdd6.o
                0x000010f0                BitIoLdd6_PutVal
 .text.BitIoLdd5_Init
                0x00001120       0x60 ./Generated_Code/BitIoLdd5.o
                0x00001120                BitIoLdd5_Init
 .text.BitIoLdd5_PutVal
                0x00001180       0x30 ./Generated_Code/BitIoLdd5.o
                0x00001180                BitIoLdd5_PutVal
 .text.BitIoLdd4_Init
                0x000011b0       0x60 ./Generated_Code/BitIoLdd4.o
                0x000011b0                BitIoLdd4_Init
 .text.BitIoLdd4_PutVal
                0x00001210       0x30 ./Generated_Code/BitIoLdd4.o
                0x00001210                BitIoLdd4_PutVal
 .text.BitIoLdd31_Init
                0x00001240       0x68 ./Generated_Code/BitIoLdd31.o
                0x00001240                BitIoLdd31_Init
 .text.BitIoLdd31_PutVal
                0x000012a8       0x34 ./Generated_Code/BitIoLdd31.o
                0x000012a8                BitIoLdd31_PutVal
 .text.BitIoLdd30_Init
                0x000012dc       0x68 ./Generated_Code/BitIoLdd30.o
                0x000012dc                BitIoLdd30_Init
 .text.BitIoLdd30_PutVal
                0x00001344       0x34 ./Generated_Code/BitIoLdd30.o
                0x00001344                BitIoLdd30_PutVal
 .text.BitIoLdd3_Init
                0x00001378       0x60 ./Generated_Code/BitIoLdd3.o
                0x00001378                BitIoLdd3_Init
 .text.BitIoLdd3_PutVal
                0x000013d8       0x30 ./Generated_Code/BitIoLdd3.o
                0x000013d8                BitIoLdd3_PutVal
 .text.BitIoLdd29_Init
                0x00001408       0x68 ./Generated_Code/BitIoLdd29.o
                0x00001408                BitIoLdd29_Init
 .text.BitIoLdd29_PutVal
                0x00001470       0x34 ./Generated_Code/BitIoLdd29.o
                0x00001470                BitIoLdd29_PutVal
 .text.BitIoLdd28_Init
                0x000014a4       0x68 ./Generated_Code/BitIoLdd28.o
                0x000014a4                BitIoLdd28_Init
 .text.BitIoLdd28_PutVal
                0x0000150c       0x34 ./Generated_Code/BitIoLdd28.o
                0x0000150c                BitIoLdd28_PutVal
 .text.BitIoLdd27_Init
                0x00001540       0x60 ./Generated_Code/BitIoLdd27.o
                0x00001540                BitIoLdd27_Init
 .text.BitIoLdd27_PutVal
                0x000015a0       0x30 ./Generated_Code/BitIoLdd27.o
                0x000015a0                BitIoLdd27_PutVal
 .text.BitIoLdd26_Init
                0x000015d0       0x60 ./Generated_Code/BitIoLdd26.o
                0x000015d0                BitIoLdd26_Init
 .text.BitIoLdd26_PutVal
                0x00001630       0x30 ./Generated_Code/BitIoLdd26.o
                0x00001630                BitIoLdd26_PutVal
 .text.BitIoLdd25_Init
                0x00001660       0x60 ./Generated_Code/BitIoLdd25.o
                0x00001660                BitIoLdd25_Init
 .text.BitIoLdd25_PutVal
                0x000016c0       0x30 ./Generated_Code/BitIoLdd25.o
                0x000016c0                BitIoLdd25_PutVal
 .text.BitIoLdd24_Init
                0x000016f0       0x64 ./Generated_Code/BitIoLdd24.o
                0x000016f0                BitIoLdd24_Init
 .text.BitIoLdd24_PutVal
                0x00001754       0x34 ./Generated_Code/BitIoLdd24.o
                0x00001754                BitIoLdd24_PutVal
 .text.BitIoLdd23_Init
                0x00001788       0x64 ./Generated_Code/BitIoLdd23.o
                0x00001788                BitIoLdd23_Init
 .text.BitIoLdd23_PutVal
                0x000017ec       0x34 ./Generated_Code/BitIoLdd23.o
                0x000017ec                BitIoLdd23_PutVal
 .text.BitIoLdd22_Init
                0x00001820       0x64 ./Generated_Code/BitIoLdd22.o
                0x00001820                BitIoLdd22_Init
 .text.BitIoLdd22_PutVal
                0x00001884       0x34 ./Generated_Code/BitIoLdd22.o
                0x00001884                BitIoLdd22_PutVal
 .text.BitIoLdd21_Init
                0x000018b8       0x64 ./Generated_Code/BitIoLdd21.o
                0x000018b8                BitIoLdd21_Init
 .text.BitIoLdd21_PutVal
                0x0000191c       0x34 ./Generated_Code/BitIoLdd21.o
                0x0000191c                BitIoLdd21_PutVal
 .text.BitIoLdd20_Init
                0x00001950       0x64 ./Generated_Code/BitIoLdd20.o
                0x00001950                BitIoLdd20_Init
 .text.BitIoLdd20_PutVal
                0x000019b4       0x34 ./Generated_Code/BitIoLdd20.o
                0x000019b4                BitIoLdd20_PutVal
 .text.BitIoLdd2_Init
                0x000019e8       0x60 ./Generated_Code/BitIoLdd2.o
                0x000019e8                BitIoLdd2_Init
 .text.BitIoLdd2_PutVal
                0x00001a48       0x30 ./Generated_Code/BitIoLdd2.o
                0x00001a48                BitIoLdd2_PutVal
 .text.BitIoLdd19_Init
                0x00001a78       0x68 ./Generated_Code/BitIoLdd19.o
                0x00001a78                BitIoLdd19_Init
 .text.BitIoLdd19_PutVal
                0x00001ae0       0x34 ./Generated_Code/BitIoLdd19.o
                0x00001ae0                BitIoLdd19_PutVal
 .text.BitIoLdd18_Init
                0x00001b14       0x64 ./Generated_Code/BitIoLdd18.o
                0x00001b14                BitIoLdd18_Init
 .text.BitIoLdd18_PutVal
                0x00001b78       0x34 ./Generated_Code/BitIoLdd18.o
                0x00001b78                BitIoLdd18_PutVal
 .text.BitIoLdd17_Init
                0x00001bac       0x60 ./Generated_Code/BitIoLdd17.o
                0x00001bac                BitIoLdd17_Init
 .text.BitIoLdd17_PutVal
                0x00001c0c       0x30 ./Generated_Code/BitIoLdd17.o
                0x00001c0c                BitIoLdd17_PutVal
 .text.BitIoLdd16_Init
                0x00001c3c       0x60 ./Generated_Code/BitIoLdd16.o
                0x00001c3c                BitIoLdd16_Init
 .text.BitIoLdd16_PutVal
                0x00001c9c       0x30 ./Generated_Code/BitIoLdd16.o
                0x00001c9c                BitIoLdd16_PutVal
 .text.BitIoLdd15_Init
                0x00001ccc       0x68 ./Generated_Code/BitIoLdd15.o
                0x00001ccc                BitIoLdd15_Init
 .text.BitIoLdd15_PutVal
                0x00001d34       0x34 ./Generated_Code/BitIoLdd15.o
                0x00001d34                BitIoLdd15_PutVal
 .text.BitIoLdd14_Init
                0x00001d68       0x68 ./Generated_Code/BitIoLdd14.o
                0x00001d68                BitIoLdd14_Init
 .text.BitIoLdd14_PutVal
                0x00001dd0       0x34 ./Generated_Code/BitIoLdd14.o
                0x00001dd0                BitIoLdd14_PutVal
 .text.BitIoLdd13_Init
                0x00001e04       0x60 ./Generated_Code/BitIoLdd13.o
                0x00001e04                BitIoLdd13_Init
 .text.BitIoLdd13_PutVal
                0x00001e64       0x30 ./Generated_Code/BitIoLdd13.o
                0x00001e64                BitIoLdd13_PutVal
 .text.BitIoLdd12_Init
                0x00001e94       0x60 ./Generated_Code/BitIoLdd12.o
                0x00001e94                BitIoLdd12_Init
 .text.BitIoLdd12_PutVal
                0x00001ef4       0x30 ./Generated_Code/BitIoLdd12.o
                0x00001ef4                BitIoLdd12_PutVal
 .text.BitIoLdd11_Init
                0x00001f24       0x60 ./Generated_Code/BitIoLdd11.o
                0x00001f24                BitIoLdd11_Init
 .text.BitIoLdd11_PutVal
                0x00001f84       0x30 ./Generated_Code/BitIoLdd11.o
                0x00001f84                BitIoLdd11_PutVal
 .text.BitIoLdd10_Init
                0x00001fb4       0x60 ./Generated_Code/BitIoLdd10.o
                0x00001fb4                BitIoLdd10_Init
 .text.BitIoLdd10_PutVal
                0x00002014       0x30 ./Generated_Code/BitIoLdd10.o
                0x00002014                BitIoLdd10_PutVal
 .text.BitIoLdd1_Init
                0x00002044       0x60 ./Generated_Code/BitIoLdd1.o
                0x00002044                BitIoLdd1_Init
 .text.zero_fill_bss
                0x000020a4       0x24 ./Project_Settings/Startup_Code/__arm_start.o
 .text.__thumb_startup
                0x000020c8       0x30 ./Project_Settings/Startup_Code/__arm_start.o
                0x000020c8                __thumb_startup
 .text._ExitProcess
                0x000020f8        0xc ./Project_Settings/Startup_Code/__arm_end.o
                0x000020f8                _ExitProcess
 .text.main     0x00002104        0xc ./Sources/main.o
                0x00002104                main
 .text.resc     0x00002110       0xd0 ./Sources/Events.o
                0x00002110                resc
 .text.resf     0x000021e0       0x70 ./Sources/Events.o
                0x000021e0                resf
 .text.Matriz_OnCounterRestart
                0x00002250      0x444 ./Sources/Events.o
                0x00002250                Matriz_OnCounterRestart
 .text.Microcontrolador_OnNMIINT
                0x00002694        0x8 ./Sources/Events.o
                0x00002694                Microcontrolador_OnNMIINT
 .text.Procesamiento_OnCounterRestart
                0x0000269c      0xcf4 ./Sources/Events.o
                0x0000269c                Procesamiento_OnCounterRestart
 .text.UP1_OnInterrupt
                0x00003390       0x90 ./Sources/Events.o
                0x00003390                UP1_OnInterrupt
 .text.DOWN1_OnInterrupt
                0x00003420       0x88 ./Sources/Events.o
                0x00003420                DOWN1_OnInterrupt
 .text.UP2_OnInterrupt
                0x000034a8       0x90 ./Sources/Events.o
                0x000034a8                UP2_OnInterrupt
 .text.DOWN2_OnInterrupt
                0x00003538       0x98 ./Sources/Events.o
                0x00003538                DOWN2_OnInterrupt
 .text.exit     0x000035d0       0x38 C:/Freescale/CW MCU v10.6/MCU/ARM_GCC_Support/ewl/lib/armv6-m\libc.a(exit.o)
                0x000035d0                exit
 .text.rand     0x00003608       0x20 C:/Freescale/CW MCU v10.6/MCU/ARM_GCC_Support/ewl/lib/armv6-m\libc.a(rand.o)
                0x00003608                rand
 .text.memset   0x00003628        0xc C:/Freescale/CW MCU v10.6/MCU/ARM_GCC_Support/ewl/lib/armv6-m\libc.a(memset.o)
                0x00003628                memset
 .text.long2str.isra.0
                0x00003634      0x19c C:/Freescale/CW MCU v10.6/MCU/ARM_GCC_Support/ewl/lib/armv6-m\libc.a(printformat_.o)
 .text.__pformatter_
                0x000037d0      0x428 C:/Freescale/CW MCU v10.6/MCU/ARM_GCC_Support/ewl/lib/armv6-m\libc.a(printformat_.o)
                0x000037d0                __pformatter_
 .text.__sformatter
                0x00003bf8      0x698 C:/Freescale/CW MCU v10.6/MCU/ARM_GCC_Support/ewl/lib/armv6-m\libc.a(scanformat_.o)
                0x00003bf8                __sformatter
 .text.isalpha  0x00004290       0x20 C:/Freescale/CW MCU v10.6/MCU/ARM_GCC_Support/ewl/lib/armv6-m\libc.a(ctype_aeabi.o)
                0x00004290                isalpha
 .text.isspace  0x000042b0       0x20 C:/Freescale/CW MCU v10.6/MCU/ARM_GCC_Support/ewl/lib/armv6-m\libc.a(ctype_aeabi.o)
                0x000042b0                isspace
 .text.toupper  0x000042d0        0xe C:/Freescale/CW MCU v10.6/MCU/ARM_GCC_Support/ewl/lib/armv6-m\libc.a(ctype_aeabi.o)
                0x000042d0                toupper
 .text.__strtoul
                0x000042de      0x1ce C:/Freescale/CW MCU v10.6/MCU/ARM_GCC_Support/ewl/lib/armv6-m\libc.a(__strtoul.o)
                0x000042de                __strtoul
 .text.__fill_mem
                0x000044ac       0x7e C:/Freescale/CW MCU v10.6/MCU/ARM_GCC_Support/ewl/lib/armv6-m\libc.a(__filll_mem.o)
                0x000044ac                __fill_mem
 .text.memchr   0x0000452a       0x1a C:/Freescale/CW MCU v10.6/MCU/ARM_GCC_Support/ewl/lib/armv6-m\libc.a(memchr.o)
                0x0000452a                memchr
 .text.memcpy   0x00004544       0x12 C:/Freescale/CW MCU v10.6/MCU/ARM_GCC_Support/ewl/lib/armv6-m\libc.a(memcpy.o)
                0x00004544                memcpy
 .text.strchr   0x00004556       0x1e C:/Freescale/CW MCU v10.6/MCU/ARM_GCC_Support/ewl/lib/armv6-m\libc.a(strchr.o)
                0x00004556                strchr
 .text.strlen   0x00004574       0x10 C:/Freescale/CW MCU v10.6/MCU/ARM_GCC_Support/ewl/lib/armv6-m\libc.a(strlen.o)
                0x00004574                strlen
 .text.__init_cpp
                0x00004584       0x48 C:/Freescale/CW MCU v10.6/MCU/ARM_GCC_Support/ewl/lib/armv6-m\librt.a(gcc_ctor_dtor.o)
                0x00004584                __init_cpp
 .text.__fini_cpp
                0x000045cc       0x34 C:/Freescale/CW MCU v10.6/MCU/ARM_GCC_Support/ewl/lib/armv6-m\librt.a(gcc_ctor_dtor.o)
                0x000045cc                __fini_cpp
 .text.__copy_rom_section
                0x00004600       0x48 C:/Freescale/CW MCU v10.6/MCU/ARM_GCC_Support/ewl/lib/armv6-m\librt.a(ROMCopy.o)
                0x00004600                __copy_rom_section
 .text.__copy_rom_sections_to_ram
                0x00004648       0x34 C:/Freescale/CW MCU v10.6/MCU/ARM_GCC_Support/ewl/lib/armv6-m\librt.a(ROMCopy.o)
                0x00004648                __copy_rom_sections_to_ram
 .text.__destroy_global_chain
                0x0000467c       0x1c C:/Freescale/CW MCU v10.6/MCU/ARM_GCC_Support/ewl/lib/armv6-m\librt.a(__arm_eabi_init.o)
                0x0000467c                __destroy_global_chain
 .text.__init_registers
                0x00004698       0x1c C:/Freescale/CW MCU v10.6/MCU/ARM_GCC_Support/ewl/lib/armv6-m\librt.a(__arm_eabi_init.o)
                0x00004698                __init_registers
 .text.__init_user
                0x000046b4        0x4 C:/Freescale/CW MCU v10.6/MCU/ARM_GCC_Support/ewl/lib/armv6-m\librt.a(__arm_eabi_init.o)
                0x000046b4                __init_user
 *(.rodata)
 .rodata        0x000046b8        0x4 ./Sources/Events.o
 *(.rodata*)
 .rodata.mati   0x000046bc      0x200 ./Sources/Events.o
                0x000046bc                mati
 .rodata.gameover
                0x000048bc      0x940 ./Sources/Events.o
                0x000048bc                gameover
 .rodata.Matriz_OnCounterRestart
                0x000051fc       0x20 ./Sources/Events.o
 .rodata.str1.1
                0x0000521c        0x1 C:/Freescale/CW MCU v10.6/MCU/ARM_GCC_Support/ewl/lib/armv6-m\libc.a(printformat_.o)
 .rodata.CSWTCH.20
                0x0000521d        0x5 C:/Freescale/CW MCU v10.6/MCU/ARM_GCC_Support/ewl/lib/armv6-m\libc.a(printformat_.o)
 .rodata.CSWTCH.21
                0x00005222        0x5 C:/Freescale/CW MCU v10.6/MCU/ARM_GCC_Support/ewl/lib/armv6-m\libc.a(printformat_.o)
 .rodata.__aeabi_ctype_table_C
                0x00005227      0x101 C:/Freescale/CW MCU v10.6/MCU/ARM_GCC_Support/ewl/lib/armv6-m\libc.a(ctype_aeabi.o)
                0x00005227                __aeabi_ctype_table_C
 *(.glue_7)
 .glue_7        0x00000000        0x0 linker stubs
 *(.glue_7t)
 .glue_7t       0x00000000        0x0 linker stubs
 *(.eh_frame)
 *(.init)
 *(.fini)
                0x00005328                . = ALIGN (0x4)
                0x00005328                _etext = .

.vfp11_veneer   0x00005328        0x0
 .vfp11_veneer  0x00000000        0x0 linker stubs

.v4_bx          0x00005328        0x0
 .v4_bx         0x00000000        0x0 linker stubs

.iplt           0x00005328        0x0
 .iplt          0x00000000        0x0 ./Generated_Code/f8.o

.rel.dyn        0x00005328        0x0
 .rel.iplt      0x00000000        0x0 ./Generated_Code/f8.o

.ARM.extab
 *(.ARM.extab* .gnu.linkonce.armextab.*)

.ARM            0x00005328        0x0
                0x00005328                __exidx_start = .
 *(.ARM.exidx*)
                0x00005328                __exidx_end = .

.ctors          0x00005328        0x0
                0x00005328                __CTOR_LIST__ = .
 *crtbegin.o(.ctors)
 *(EXCLUDE_FILE(*crtend.o) .ctors)
 *(SORT(.ctors.*))
 *(.ctors)
                0x00005328                __CTOR_END__ = .

.dtors          0x00005328        0x0
                0x00005328                __DTOR_LIST__ = .
 *crtbegin.o(.dtors)
 *(EXCLUDE_FILE(*crtend.o) .dtors)
 *(SORT(.dtors.*))
 *(.dtors)
                0x00005328                __DTOR_END__ = .

.preinit_array  0x00005328        0x0
                0x00005328                PROVIDE (__preinit_array_start, .)
 *(.preinit_array*)
                0x00005328                PROVIDE (__preinit_array_end, .)

.init_array     0x00005328        0x0
                0x00005328                PROVIDE (__init_array_start, .)
 *(SORT(.init_array.*))
 *(.init_array*)
                0x00005328                PROVIDE (__init_array_end, .)

.fini_array     0x00005328        0x0
                0x00005328                PROVIDE (__fini_array_start, .)
 *(SORT(.fini_array.*))
 *(.fini_array*)
                0x00005328                PROVIDE (__fini_array_end, .)
                0x00005328                ___ROM_AT = .

.mtb            0x1fffe000        0x0
                0x1fffe000                . = ALIGN (0x8)
                0x1fffe000                _mtb_start = .
 *(.mtb_buf)
                0x1fffe000                . = ALIGN (0x8)
                0x1fffe000                _mtb_end = .

.data           0x1fffe000      0x21c load address 0x00005328
                0x1fffe000                . = ALIGN (0x4)
                0x1fffe000                _sdata = .
 *(.data)
 *(.data*)
 .data.mat      0x1fffe000      0x200 ./Sources/Events.o
                0x1fffe000                mat
 .data.col      0x1fffe200        0x4 ./Sources/Events.o
                0x1fffe200                col
 .data.d        0x1fffe204        0x4 ./Sources/Events.o
                0x1fffe204                d
 .data.x        0x1fffe208        0x4 ./Sources/Events.o
                0x1fffe208                x
 .data.y        0x1fffe20c        0x4 ./Sources/Events.o
                0x1fffe20c                y
 .data.a        0x1fffe210        0x4 ./Sources/Events.o
                0x1fffe210                a
 .data.s        0x1fffe214        0x4 ./Sources/Events.o
                0x1fffe214                s
 .data.random_next
                0x1fffe218        0x4 C:/Freescale/CW MCU v10.6/MCU/ARM_GCC_Support/ewl/lib/armv6-m\libc.a(rand.o)
                0x1fffe21c                . = ALIGN (0x4)
                0x1fffe21c                _edata = .
                0x0000021c                ___data_size = (_edata - _sdata)

.igot.plt       0x1fffe21c        0x0 load address 0x00005544
 .igot.plt      0x00000000        0x0 ./Generated_Code/f8.o
                0x1fffe21c                . = ALIGN (0x4)

.bss            0x1fffe21c      0x5a4 load address 0x00005544
                0x1fffe21c                __START_BSS = .
                0x1fffe21c                PROVIDE (__bss_start__, __START_BSS)
 *(.bss)
 *(.bss*)
 .bss.DeviceDataPrv__DEFAULT_RTOS_ALLOC
                0x1fffe21c        0x8 ./Generated_Code/Procesamiento.o
 .bss.INT_TPM0__DEFAULT_RTOS_ISRPARAM
                0x1fffe224        0x4 ./Generated_Code/Procesamiento.o
 .bss.PE_LDD_DeviceDataList
                0x1fffe228       0x94 ./Generated_Code/PE_LDD.o
                0x1fffe228                PE_LDD_DeviceDataList
 .bss.DeviceDataPrv__DEFAULT_RTOS_ALLOC
                0x1fffe2bc        0x4 ./Generated_Code/Matriz.o
 .bss.INT_LPTimer__DEFAULT_RTOS_ISRPARAM
                0x1fffe2c0        0x4 ./Generated_Code/Matriz.o
 .bss.DeviceDataPrv__DEFAULT_RTOS_ALLOC
                0x1fffe2c4        0x4 ./Generated_Code/ExtIntLdd4.o
 .bss.INT_PORTA__DEFAULT_RTOS_ISRPARAM
                0x1fffe2c8        0x4 ./Generated_Code/ExtIntLdd4.o
 .bss.DeviceDataPrv__DEFAULT_RTOS_ALLOC
                0x1fffe2cc        0x4 ./Generated_Code/ExtIntLdd3.o
 .bss.INT_PORTA__DEFAULT_RTOS_ISRPARAM
                0x1fffe2d0        0x4 ./Generated_Code/ExtIntLdd3.o
 .bss.DeviceDataPrv__DEFAULT_RTOS_ALLOC
                0x1fffe2d4        0x4 ./Generated_Code/ExtIntLdd2.o
 .bss.INT_PORTA__DEFAULT_RTOS_ISRPARAM
                0x1fffe2d8        0x4 ./Generated_Code/ExtIntLdd2.o
 .bss.DeviceDataPrv__DEFAULT_RTOS_ALLOC
                0x1fffe2dc        0x4 ./Generated_Code/ExtIntLdd1.o
 .bss.INT_PORTA__DEFAULT_RTOS_ISRPARAM
                0x1fffe2e0        0x4 ./Generated_Code/ExtIntLdd1.o
 .bss.DeviceDataPrv__DEFAULT_RTOS_ALLOC
                0x1fffe2e4        0x4 ./Generated_Code/BitIoLdd9.o
 .bss.DeviceDataPrv__DEFAULT_RTOS_ALLOC
                0x1fffe2e8        0x4 ./Generated_Code/BitIoLdd8.o
 .bss.DeviceDataPrv__DEFAULT_RTOS_ALLOC
                0x1fffe2ec        0x4 ./Generated_Code/BitIoLdd7.o
 .bss.DeviceDataPrv__DEFAULT_RTOS_ALLOC
                0x1fffe2f0        0x4 ./Generated_Code/BitIoLdd6.o
 .bss.DeviceDataPrv__DEFAULT_RTOS_ALLOC
                0x1fffe2f4        0x4 ./Generated_Code/BitIoLdd5.o
 .bss.DeviceDataPrv__DEFAULT_RTOS_ALLOC
                0x1fffe2f8        0x4 ./Generated_Code/BitIoLdd4.o
 .bss.DeviceDataPrv__DEFAULT_RTOS_ALLOC
                0x1fffe2fc        0x4 ./Generated_Code/BitIoLdd31.o
 .bss.DeviceDataPrv__DEFAULT_RTOS_ALLOC
                0x1fffe300        0x4 ./Generated_Code/BitIoLdd30.o
 .bss.DeviceDataPrv__DEFAULT_RTOS_ALLOC
                0x1fffe304        0x4 ./Generated_Code/BitIoLdd3.o
 .bss.DeviceDataPrv__DEFAULT_RTOS_ALLOC
                0x1fffe308        0x4 ./Generated_Code/BitIoLdd29.o
 .bss.DeviceDataPrv__DEFAULT_RTOS_ALLOC
                0x1fffe30c        0x4 ./Generated_Code/BitIoLdd28.o
 .bss.DeviceDataPrv__DEFAULT_RTOS_ALLOC
                0x1fffe310        0x4 ./Generated_Code/BitIoLdd27.o
 .bss.DeviceDataPrv__DEFAULT_RTOS_ALLOC
                0x1fffe314        0x4 ./Generated_Code/BitIoLdd26.o
 .bss.DeviceDataPrv__DEFAULT_RTOS_ALLOC
                0x1fffe318        0x4 ./Generated_Code/BitIoLdd25.o
 .bss.DeviceDataPrv__DEFAULT_RTOS_ALLOC
                0x1fffe31c        0x4 ./Generated_Code/BitIoLdd24.o
 .bss.DeviceDataPrv__DEFAULT_RTOS_ALLOC
                0x1fffe320        0x4 ./Generated_Code/BitIoLdd23.o
 .bss.DeviceDataPrv__DEFAULT_RTOS_ALLOC
                0x1fffe324        0x4 ./Generated_Code/BitIoLdd22.o
 .bss.DeviceDataPrv__DEFAULT_RTOS_ALLOC
                0x1fffe328        0x4 ./Generated_Code/BitIoLdd21.o
 .bss.DeviceDataPrv__DEFAULT_RTOS_ALLOC
                0x1fffe32c        0x4 ./Generated_Code/BitIoLdd20.o
 .bss.DeviceDataPrv__DEFAULT_RTOS_ALLOC
                0x1fffe330        0x4 ./Generated_Code/BitIoLdd2.o
 .bss.DeviceDataPrv__DEFAULT_RTOS_ALLOC
                0x1fffe334        0x4 ./Generated_Code/BitIoLdd19.o
 .bss.DeviceDataPrv__DEFAULT_RTOS_ALLOC
                0x1fffe338        0x4 ./Generated_Code/BitIoLdd18.o
 .bss.DeviceDataPrv__DEFAULT_RTOS_ALLOC
                0x1fffe33c        0x4 ./Generated_Code/BitIoLdd17.o
 .bss.DeviceDataPrv__DEFAULT_RTOS_ALLOC
                0x1fffe340        0x4 ./Generated_Code/BitIoLdd16.o
 .bss.DeviceDataPrv__DEFAULT_RTOS_ALLOC
                0x1fffe344        0x4 ./Generated_Code/BitIoLdd15.o
 .bss.DeviceDataPrv__DEFAULT_RTOS_ALLOC
                0x1fffe348        0x4 ./Generated_Code/BitIoLdd14.o
 .bss.DeviceDataPrv__DEFAULT_RTOS_ALLOC
                0x1fffe34c        0x4 ./Generated_Code/BitIoLdd13.o
 .bss.DeviceDataPrv__DEFAULT_RTOS_ALLOC
                0x1fffe350        0x4 ./Generated_Code/BitIoLdd12.o
 .bss.DeviceDataPrv__DEFAULT_RTOS_ALLOC
                0x1fffe354        0x4 ./Generated_Code/BitIoLdd11.o
 .bss.DeviceDataPrv__DEFAULT_RTOS_ALLOC
                0x1fffe358        0x4 ./Generated_Code/BitIoLdd10.o
 .bss.DeviceDataPrv__DEFAULT_RTOS_ALLOC
                0x1fffe35c        0x4 ./Generated_Code/BitIoLdd1.o
 .bss.argv      0x1fffe360        0x4 ./Project_Settings/Startup_Code/__arm_start.o
 .bss.blank     0x1fffe364      0x200 ./Sources/Events.o
                0x1fffe364                blank
 .bss.fil1      0x1fffe564       0x40 ./Sources/Events.o
                0x1fffe564                fil1
 .bss.fil2      0x1fffe5a4       0x40 ./Sources/Events.o
                0x1fffe5a4                fil2
 .bss.fil3      0x1fffe5e4       0x40 ./Sources/Events.o
                0x1fffe5e4                fil3
 .bss.fil4      0x1fffe624       0x40 ./Sources/Events.o
                0x1fffe624                fil4
 .bss.fil5      0x1fffe664       0x40 ./Sources/Events.o
                0x1fffe664                fil5
 .bss.fil6      0x1fffe6a4       0x40 ./Sources/Events.o
                0x1fffe6a4                fil6
 .bss.fil7      0x1fffe6e4       0x40 ./Sources/Events.o
                0x1fffe6e4                fil7
 .bss.fil8      0x1fffe724       0x40 ./Sources/Events.o
                0x1fffe724                fil8
 .bss.row       0x1fffe764        0x4 ./Sources/Events.o
                0x1fffe764                row
 .bss.column    0x1fffe768        0x4 ./Sources/Events.o
                0x1fffe768                column
 .bss.p         0x1fffe76c        0x4 ./Sources/Events.o
                0x1fffe76c                p
 .bss.c         0x1fffe770        0x4 ./Sources/Events.o
                0x1fffe770                c
 .bss.fil       0x1fffe774        0x4 ./Sources/Events.o
                0x1fffe774                fil
 .bss.i         0x1fffe778        0x4 ./Sources/Events.o
                0x1fffe778                i
 .bss.j         0x1fffe77c        0x4 ./Sources/Events.o
                0x1fffe77c                j
 .bss.r         0x1fffe780        0x4 ./Sources/Events.o
                0x1fffe780                r
 .bss.h         0x1fffe784        0x4 ./Sources/Events.o
                0x1fffe784                h
 .bss.cont      0x1fffe788        0x4 ./Sources/Events.o
                0x1fffe788                cont
 .bss.z         0x1fffe78c        0x4 ./Sources/Events.o
                0x1fffe78c                z
 .bss.f         0x1fffe790        0x4 ./Sources/Events.o
                0x1fffe790                f
 .bss.colum     0x1fffe794        0x4 ./Sources/Events.o
                0x1fffe794                colum
 .bss.t         0x1fffe798        0x4 ./Sources/Events.o
                0x1fffe798                t
 .bss.o         0x1fffe79c        0x4 ./Sources/Events.o
                0x1fffe79c                o
 .bss.e         0x1fffe7a0        0x4 ./Sources/Events.o
                0x1fffe7a0                e
 .bss.fr        0x1fffe7a4        0x4 ./Sources/Events.o
                0x1fffe7a4                fr
 .bss.__stdio_exit
                0x1fffe7a8        0x4 C:/Freescale/CW MCU v10.6/MCU/ARM_GCC_Support/ewl/lib/armv6-m\libc.a(exit.o)
                0x1fffe7a8                __stdio_exit
 .bss.__console_exit
                0x1fffe7ac        0x4 C:/Freescale/CW MCU v10.6/MCU/ARM_GCC_Support/ewl/lib/armv6-m\libc.a(exit.o)
                0x1fffe7ac                __console_exit
 .bss.__S_romp  0x1fffe7b0        0xc C:/Freescale/CW MCU v10.6/MCU/ARM_GCC_Support/ewl/lib/armv6-m\librt.a(ROMCopy.o)
 .bss.__global_destructor_chain
                0x1fffe7bc        0x4 C:/Freescale/CW MCU v10.6/MCU/ARM_GCC_Support/ewl/lib/armv6-m\librt.a(__arm_eabi_init.o)
                0x1fffe7bc                __global_destructor_chain
 *(COMMON)
                0x1fffe7c0                . = ALIGN (0x4)
                0x1fffe7c0                __END_BSS = .
                0x1fffe7c0                PROVIDE (__bss_end__, __END_BSS)
                0x00005544                _romp_at = (___ROM_AT + SIZEOF (.data))

.romp           0x1fffe7c0       0x18 load address 0x00005544
                0x00005544                __S_romp = _romp_at
                0x1fffe7c0        0x4 LONG 0x5328 ___ROM_AT
                0x1fffe7c4        0x4 LONG 0x1fffe000 _sdata
                0x1fffe7c8        0x4 LONG 0x21c ___data_size
                0x1fffe7cc        0x4 LONG 0x0
                0x1fffe7d0        0x4 LONG 0x0
                0x1fffe7d4        0x4 LONG 0x0

._user_heap_stack
                0x1fffe7d8      0x400 load address 0x0000555c
                0x1fffe7d8                . = ALIGN (0x4)
                0x1fffe7d8                PROVIDE (end, .)
                0x1fffe7d8                PROVIDE (_end, .)
                0x1fffe7d8                __heap_addr = .
                0x1fffe7d8                . = (. + __heap_size)
                0x1fffebd8                . = (. + __stack_size)
 *fill*         0x1fffe7d8      0x400 00
                0x1fffebd8                . = ALIGN (0x4)

.ARM.attributes
                0x00000000       0x31
 *(.ARM.attributes)
 .ARM.attributes
                0x00000000       0x31 ./Generated_Code/Vectors.o
 .ARM.attributes
                0x00000031       0x31 ./Generated_Code/UP2.o
 .ARM.attributes
                0x00000062       0x31 ./Generated_Code/UP1.o
 .ARM.attributes
                0x00000093       0x31 ./Generated_Code/Procesamiento.o
 .ARM.attributes
                0x000000c4       0x31 ./Generated_Code/PTA.o
 .ARM.attributes
                0x000000f5       0x31 ./Generated_Code/PE_LDD.o
 .ARM.attributes
                0x00000126       0x31 ./Generated_Code/Microcontrolador.o
 .ARM.attributes
                0x00000157       0x31 ./Generated_Code/Matriz.o
 .ARM.attributes
                0x00000188       0x31 ./Generated_Code/ExtIntLdd4.o
 .ARM.attributes
                0x000001b9       0x31 ./Generated_Code/ExtIntLdd3.o
 .ARM.attributes
                0x000001ea       0x31 ./Generated_Code/ExtIntLdd2.o
 .ARM.attributes
                0x0000021b       0x31 ./Generated_Code/ExtIntLdd1.o
 .ARM.attributes
                0x0000024c       0x31 ./Generated_Code/DOWN2.o
 .ARM.attributes
                0x0000027d       0x31 ./Generated_Code/DOWN1.o
 .ARM.attributes
                0x000002ae       0x31 ./Generated_Code/BitIoLdd9.o
 .ARM.attributes
                0x000002df       0x31 ./Generated_Code/BitIoLdd8.o
 .ARM.attributes
                0x00000310       0x31 ./Generated_Code/BitIoLdd7.o
 .ARM.attributes
                0x00000341       0x31 ./Generated_Code/BitIoLdd6.o
 .ARM.attributes
                0x00000372       0x31 ./Generated_Code/BitIoLdd5.o
 .ARM.attributes
                0x000003a3       0x31 ./Generated_Code/BitIoLdd4.o
 .ARM.attributes
                0x000003d4       0x31 ./Generated_Code/BitIoLdd31.o
 .ARM.attributes
                0x00000405       0x31 ./Generated_Code/BitIoLdd30.o
 .ARM.attributes
                0x00000436       0x31 ./Generated_Code/BitIoLdd3.o
 .ARM.attributes
                0x00000467       0x31 ./Generated_Code/BitIoLdd29.o
 .ARM.attributes
                0x00000498       0x31 ./Generated_Code/BitIoLdd28.o
 .ARM.attributes
                0x000004c9       0x31 ./Generated_Code/BitIoLdd27.o
 .ARM.attributes
                0x000004fa       0x31 ./Generated_Code/BitIoLdd26.o
 .ARM.attributes
                0x0000052b       0x31 ./Generated_Code/BitIoLdd25.o
 .ARM.attributes
                0x0000055c       0x31 ./Generated_Code/BitIoLdd24.o
 .ARM.attributes
                0x0000058d       0x31 ./Generated_Code/BitIoLdd23.o
 .ARM.attributes
                0x000005be       0x31 ./Generated_Code/BitIoLdd22.o
 .ARM.attributes
                0x000005ef       0x31 ./Generated_Code/BitIoLdd21.o
 .ARM.attributes
                0x00000620       0x31 ./Generated_Code/BitIoLdd20.o
 .ARM.attributes
                0x00000651       0x31 ./Generated_Code/BitIoLdd2.o
 .ARM.attributes
                0x00000682       0x31 ./Generated_Code/BitIoLdd19.o
 .ARM.attributes
                0x000006b3       0x31 ./Generated_Code/BitIoLdd18.o
 .ARM.attributes
                0x000006e4       0x31 ./Generated_Code/BitIoLdd17.o
 .ARM.attributes
                0x00000715       0x31 ./Generated_Code/BitIoLdd16.o
 .ARM.attributes
                0x00000746       0x31 ./Generated_Code/BitIoLdd15.o
 .ARM.attributes
                0x00000777       0x31 ./Generated_Code/BitIoLdd14.o
 .ARM.attributes
                0x000007a8       0x31 ./Generated_Code/BitIoLdd13.o
 .ARM.attributes
                0x000007d9       0x31 ./Generated_Code/BitIoLdd12.o
 .ARM.attributes
                0x0000080a       0x31 ./Generated_Code/BitIoLdd11.o
 .ARM.attributes
                0x0000083b       0x31 ./Generated_Code/BitIoLdd10.o
 .ARM.attributes
                0x0000086c       0x31 ./Generated_Code/BitIoLdd1.o
 .ARM.attributes
                0x0000089d       0x31 ./Project_Settings/Startup_Code/__arm_start.o
 .ARM.attributes
                0x000008ce       0x31 ./Project_Settings/Startup_Code/__arm_end.o
 .ARM.attributes
                0x000008ff       0x31 ./Sources/main.o
 .ARM.attributes
                0x00000930       0x31 ./Sources/Events.o
 .ARM.attributes
                0x00000961       0x31 C:/Freescale/CW MCU v10.6/MCU/ARM_GCC_Support/ewl/lib/armv6-m\libc.a(exit.o)
 .ARM.attributes
                0x00000992       0x31 C:/Freescale/CW MCU v10.6/MCU/ARM_GCC_Support/ewl/lib/armv6-m\libc.a(rand.o)
 .ARM.attributes
                0x000009c3       0x31 C:/Freescale/CW MCU v10.6/MCU/ARM_GCC_Support/ewl/lib/armv6-m\libc.a(memset.o)
 .ARM.attributes
                0x000009f4       0x31 C:/Freescale/CW MCU v10.6/MCU/ARM_GCC_Support/ewl/lib/armv6-m\libc.a(printformat_.o)
 .ARM.attributes
                0x00000a25       0x31 C:/Freescale/CW MCU v10.6/MCU/ARM_GCC_Support/ewl/lib/armv6-m\libc.a(scanformat_.o)
 .ARM.attributes
                0x00000a56       0x31 C:/Freescale/CW MCU v10.6/MCU/ARM_GCC_Support/ewl/lib/armv6-m\libc.a(ctype_aeabi.o)
 .ARM.attributes
                0x00000a87       0x31 C:/Freescale/CW MCU v10.6/MCU/ARM_GCC_Support/ewl/lib/armv6-m\libc.a(__strtoul.o)
 .ARM.attributes
                0x00000ab8       0x31 C:/Freescale/CW MCU v10.6/MCU/ARM_GCC_Support/ewl/lib/armv6-m\libc.a(__filll_mem.o)
 .ARM.attributes
                0x00000ae9       0x31 C:/Freescale/CW MCU v10.6/MCU/ARM_GCC_Support/ewl/lib/armv6-m\libc.a(memchr.o)
 .ARM.attributes
                0x00000b1a       0x31 C:/Freescale/CW MCU v10.6/MCU/ARM_GCC_Support/ewl/lib/armv6-m\libc.a(memcpy.o)
 .ARM.attributes
                0x00000b4b       0x31 C:/Freescale/CW MCU v10.6/MCU/ARM_GCC_Support/ewl/lib/armv6-m\libc.a(strchr.o)
 .ARM.attributes
                0x00000b7c       0x31 C:/Freescale/CW MCU v10.6/MCU/ARM_GCC_Support/ewl/lib/armv6-m\libc.a(strlen.o)
 .ARM.attributes
                0x00000bad       0x1e c:/freescale/cw mcu v10.6/cross_tools/arm-none-eabi-gcc-4_7_3/bin/../lib/gcc/arm-none-eabi/4.7.3/armv6-m\libgcc.a(_thumb1_case_sqi.o)
 .ARM.attributes
                0x00000bcb       0x1e c:/freescale/cw mcu v10.6/cross_tools/arm-none-eabi-gcc-4_7_3/bin/../lib/gcc/arm-none-eabi/4.7.3/armv6-m\libgcc.a(_thumb1_case_uqi.o)
 .ARM.attributes
                0x00000be9       0x1e c:/freescale/cw mcu v10.6/cross_tools/arm-none-eabi-gcc-4_7_3/bin/../lib/gcc/arm-none-eabi/4.7.3/armv6-m\libgcc.a(_udivsi3.o)
 .ARM.attributes
                0x00000c07       0x1e c:/freescale/cw mcu v10.6/cross_tools/arm-none-eabi-gcc-4_7_3/bin/../lib/gcc/arm-none-eabi/4.7.3/armv6-m\libgcc.a(_divsi3.o)
 .ARM.attributes
                0x00000c25       0x1e c:/freescale/cw mcu v10.6/cross_tools/arm-none-eabi-gcc-4_7_3/bin/../lib/gcc/arm-none-eabi/4.7.3/armv6-m\libgcc.a(_dvmd_tls.o)
 .ARM.attributes
                0x00000c43       0x31 C:/Freescale/CW MCU v10.6/MCU/ARM_GCC_Support/ewl/lib/armv6-m\librt.a(gcc_ctor_dtor.o)
 .ARM.attributes
                0x00000c74       0x31 C:/Freescale/CW MCU v10.6/MCU/ARM_GCC_Support/ewl/lib/armv6-m\librt.a(ROMCopy.o)
 .ARM.attributes
                0x00000ca5       0x31 C:/Freescale/CW MCU v10.6/MCU/ARM_GCC_Support/ewl/lib/armv6-m\librt.a(__arm_eabi_init.o)
OUTPUT(PingPongLeon.elf elf32-littlearm)

.debug_info     0x00000000     0xc46e
 .debug_info    0x00000000      0x104 ./Generated_Code/Vectors.o
 .debug_info    0x00000104       0xa8 ./Generated_Code/UP2.o
 .debug_info    0x000001ac       0xa8 ./Generated_Code/UP1.o
 .debug_info    0x00000254      0x627 ./Generated_Code/Procesamiento.o
 .debug_info    0x0000087b      0x115 ./Generated_Code/PTA.o
 .debug_info    0x00000990      0x24e ./Generated_Code/PE_LDD.o
 .debug_info    0x00000bde      0x9a0 ./Generated_Code/Microcontrolador.o
 .debug_info    0x0000157e      0x5ce ./Generated_Code/Matriz.o
 .debug_info    0x00001b4c      0x3ab ./Generated_Code/ExtIntLdd4.o
 .debug_info    0x00001ef7      0x3ab ./Generated_Code/ExtIntLdd3.o
 .debug_info    0x000022a2      0x3ab ./Generated_Code/ExtIntLdd2.o
 .debug_info    0x0000264d      0x3ab ./Generated_Code/ExtIntLdd1.o
 .debug_info    0x000029f8       0xa8 ./Generated_Code/DOWN2.o
 .debug_info    0x00002aa0       0xa8 ./Generated_Code/DOWN1.o
 .debug_info    0x00002b48      0x3d5 ./Generated_Code/BitIoLdd9.o
 .debug_info    0x00002f1d      0x3d5 ./Generated_Code/BitIoLdd8.o
 .debug_info    0x000032f2      0x3d5 ./Generated_Code/BitIoLdd7.o
 .debug_info    0x000036c7      0x3d5 ./Generated_Code/BitIoLdd6.o
 .debug_info    0x00003a9c      0x3d5 ./Generated_Code/BitIoLdd5.o
 .debug_info    0x00003e71      0x3d5 ./Generated_Code/BitIoLdd4.o
 .debug_info    0x00004246      0x39b ./Generated_Code/BitIoLdd31.o
 .debug_info    0x000045e1      0x39b ./Generated_Code/BitIoLdd30.o
 .debug_info    0x0000497c      0x3d5 ./Generated_Code/BitIoLdd3.o
 .debug_info    0x00004d51      0x39b ./Generated_Code/BitIoLdd29.o
 .debug_info    0x000050ec      0x39b ./Generated_Code/BitIoLdd28.o
 .debug_info    0x00005487      0x3d5 ./Generated_Code/BitIoLdd27.o
 .debug_info    0x0000585c      0x3d5 ./Generated_Code/BitIoLdd26.o
 .debug_info    0x00005c31      0x3d5 ./Generated_Code/BitIoLdd25.o
 .debug_info    0x00006006      0x3d5 ./Generated_Code/BitIoLdd24.o
 .debug_info    0x000063db      0x3d5 ./Generated_Code/BitIoLdd23.o
 .debug_info    0x000067b0      0x3d5 ./Generated_Code/BitIoLdd22.o
 .debug_info    0x00006b85      0x3d5 ./Generated_Code/BitIoLdd21.o
 .debug_info    0x00006f5a      0x3d5 ./Generated_Code/BitIoLdd20.o
 .debug_info    0x0000732f      0x3d5 ./Generated_Code/BitIoLdd2.o
 .debug_info    0x00007704      0x39b ./Generated_Code/BitIoLdd19.o
 .debug_info    0x00007a9f      0x39b ./Generated_Code/BitIoLdd18.o
 .debug_info    0x00007e3a      0x3d5 ./Generated_Code/BitIoLdd17.o
 .debug_info    0x0000820f      0x3d5 ./Generated_Code/BitIoLdd16.o
 .debug_info    0x000085e4      0x3d5 ./Generated_Code/BitIoLdd15.o
 .debug_info    0x000089b9      0x3d5 ./Generated_Code/BitIoLdd14.o
 .debug_info    0x00008d8e      0x3d5 ./Generated_Code/BitIoLdd13.o
 .debug_info    0x00009163      0x3d5 ./Generated_Code/BitIoLdd12.o
 .debug_info    0x00009538      0x3d5 ./Generated_Code/BitIoLdd11.o
 .debug_info    0x0000990d      0x3d5 ./Generated_Code/BitIoLdd10.o
 .debug_info    0x00009ce2      0x3d5 ./Generated_Code/BitIoLdd1.o
 .debug_info    0x0000a0b7      0x12a ./Project_Settings/Startup_Code/__arm_start.o
 .debug_info    0x0000a1e1       0x54 ./Project_Settings/Startup_Code/__arm_end.o
 .debug_info    0x0000a235       0x8f ./Sources/main.o
 .debug_info    0x0000a2c4      0x492 ./Sources/Events.o
 .debug_info    0x0000a756       0xe8 C:/Freescale/CW MCU v10.6/MCU/ARM_GCC_Support/ewl/lib/armv6-m\libc.a(exit.o)
 .debug_info    0x0000a83e      0x100 C:/Freescale/CW MCU v10.6/MCU/ARM_GCC_Support/ewl/lib/armv6-m\libc.a(rand.o)
 .debug_info    0x0000a93e       0xec C:/Freescale/CW MCU v10.6/MCU/ARM_GCC_Support/ewl/lib/armv6-m\libc.a(memset.o)
 .debug_info    0x0000aa2a      0x50d C:/Freescale/CW MCU v10.6/MCU/ARM_GCC_Support/ewl/lib/armv6-m\libc.a(printformat_.o)
 .debug_info    0x0000af37      0x568 C:/Freescale/CW MCU v10.6/MCU/ARM_GCC_Support/ewl/lib/armv6-m\libc.a(scanformat_.o)
 .debug_info    0x0000b49f      0x313 C:/Freescale/CW MCU v10.6/MCU/ARM_GCC_Support/ewl/lib/armv6-m\libc.a(ctype_aeabi.o)
 .debug_info    0x0000b7b2      0x1d6 C:/Freescale/CW MCU v10.6/MCU/ARM_GCC_Support/ewl/lib/armv6-m\libc.a(__strtoul.o)
 .debug_info    0x0000b988      0x137 C:/Freescale/CW MCU v10.6/MCU/ARM_GCC_Support/ewl/lib/armv6-m\libc.a(__filll_mem.o)
 .debug_info    0x0000babf      0x121 C:/Freescale/CW MCU v10.6/MCU/ARM_GCC_Support/ewl/lib/armv6-m\libc.a(memchr.o)
 .debug_info    0x0000bbe0      0x10f C:/Freescale/CW MCU v10.6/MCU/ARM_GCC_Support/ewl/lib/armv6-m\libc.a(memcpy.o)
 .debug_info    0x0000bcef      0x10b C:/Freescale/CW MCU v10.6/MCU/ARM_GCC_Support/ewl/lib/armv6-m\libc.a(strchr.o)
 .debug_info    0x0000bdfa       0xea C:/Freescale/CW MCU v10.6/MCU/ARM_GCC_Support/ewl/lib/armv6-m\libc.a(strlen.o)
 .debug_info    0x0000bee4      0x136 C:/Freescale/CW MCU v10.6/MCU/ARM_GCC_Support/ewl/lib/armv6-m\librt.a(gcc_ctor_dtor.o)
 .debug_info    0x0000c01a      0x19b C:/Freescale/CW MCU v10.6/MCU/ARM_GCC_Support/ewl/lib/armv6-m\librt.a(ROMCopy.o)
 .debug_info    0x0000c1b5      0x2b9 C:/Freescale/CW MCU v10.6/MCU/ARM_GCC_Support/ewl/lib/armv6-m\librt.a(__arm_eabi_init.o)

.debug_abbrev   0x00000000     0x452a
 .debug_abbrev  0x00000000       0xa3 ./Generated_Code/Vectors.o
 .debug_abbrev  0x000000a3       0x60 ./Generated_Code/UP2.o
 .debug_abbrev  0x00000103       0x60 ./Generated_Code/UP1.o
 .debug_abbrev  0x00000163      0x183 ./Generated_Code/Procesamiento.o
 .debug_abbrev  0x000002e6       0x85 ./Generated_Code/PTA.o
 .debug_abbrev  0x0000036b      0x102 ./Generated_Code/PE_LDD.o
 .debug_abbrev  0x0000046d      0x137 ./Generated_Code/Microcontrolador.o
 .debug_abbrev  0x000005a4      0x190 ./Generated_Code/Matriz.o
 .debug_abbrev  0x00000734      0x13f ./Generated_Code/ExtIntLdd4.o
 .debug_abbrev  0x00000873      0x13f ./Generated_Code/ExtIntLdd3.o
 .debug_abbrev  0x000009b2      0x13f ./Generated_Code/ExtIntLdd2.o
 .debug_abbrev  0x00000af1      0x13f ./Generated_Code/ExtIntLdd1.o
 .debug_abbrev  0x00000c30       0x60 ./Generated_Code/DOWN2.o
 .debug_abbrev  0x00000c90       0x60 ./Generated_Code/DOWN1.o
 .debug_abbrev  0x00000cf0      0x15c ./Generated_Code/BitIoLdd9.o
 .debug_abbrev  0x00000e4c      0x15c ./Generated_Code/BitIoLdd8.o
 .debug_abbrev  0x00000fa8      0x15c ./Generated_Code/BitIoLdd7.o
 .debug_abbrev  0x00001104      0x15c ./Generated_Code/BitIoLdd6.o
 .debug_abbrev  0x00001260      0x15c ./Generated_Code/BitIoLdd5.o
 .debug_abbrev  0x000013bc      0x15c ./Generated_Code/BitIoLdd4.o
 .debug_abbrev  0x00001518      0x136 ./Generated_Code/BitIoLdd31.o
 .debug_abbrev  0x0000164e      0x136 ./Generated_Code/BitIoLdd30.o
 .debug_abbrev  0x00001784      0x15c ./Generated_Code/BitIoLdd3.o
 .debug_abbrev  0x000018e0      0x136 ./Generated_Code/BitIoLdd29.o
 .debug_abbrev  0x00001a16      0x136 ./Generated_Code/BitIoLdd28.o
 .debug_abbrev  0x00001b4c      0x15c ./Generated_Code/BitIoLdd27.o
 .debug_abbrev  0x00001ca8      0x15c ./Generated_Code/BitIoLdd26.o
 .debug_abbrev  0x00001e04      0x15c ./Generated_Code/BitIoLdd25.o
 .debug_abbrev  0x00001f60      0x15c ./Generated_Code/BitIoLdd24.o
 .debug_abbrev  0x000020bc      0x15c ./Generated_Code/BitIoLdd23.o
 .debug_abbrev  0x00002218      0x15c ./Generated_Code/BitIoLdd22.o
 .debug_abbrev  0x00002374      0x15c ./Generated_Code/BitIoLdd21.o
 .debug_abbrev  0x000024d0      0x15c ./Generated_Code/BitIoLdd20.o
 .debug_abbrev  0x0000262c      0x15c ./Generated_Code/BitIoLdd2.o
 .debug_abbrev  0x00002788      0x136 ./Generated_Code/BitIoLdd19.o
 .debug_abbrev  0x000028be      0x136 ./Generated_Code/BitIoLdd18.o
 .debug_abbrev  0x000029f4      0x15c ./Generated_Code/BitIoLdd17.o
 .debug_abbrev  0x00002b50      0x15c ./Generated_Code/BitIoLdd16.o
 .debug_abbrev  0x00002cac      0x15c ./Generated_Code/BitIoLdd15.o
 .debug_abbrev  0x00002e08      0x15c ./Generated_Code/BitIoLdd14.o
 .debug_abbrev  0x00002f64      0x15c ./Generated_Code/BitIoLdd13.o
 .debug_abbrev  0x000030c0      0x15c ./Generated_Code/BitIoLdd12.o
 .debug_abbrev  0x0000321c      0x15c ./Generated_Code/BitIoLdd11.o
 .debug_abbrev  0x00003378      0x15c ./Generated_Code/BitIoLdd10.o
 .debug_abbrev  0x000034d4      0x15c ./Generated_Code/BitIoLdd1.o
 .debug_abbrev  0x00003630       0x92 ./Project_Settings/Startup_Code/__arm_start.o
 .debug_abbrev  0x000036c2       0x4c ./Project_Settings/Startup_Code/__arm_end.o
 .debug_abbrev  0x0000370e       0x3f ./Sources/main.o
 .debug_abbrev  0x0000374d      0x121 ./Sources/Events.o
 .debug_abbrev  0x0000386e       0x7a C:/Freescale/CW MCU v10.6/MCU/ARM_GCC_Support/ewl/lib/armv6-m\libc.a(exit.o)
 .debug_abbrev  0x000038e8       0x8e C:/Freescale/CW MCU v10.6/MCU/ARM_GCC_Support/ewl/lib/armv6-m\libc.a(rand.o)
 .debug_abbrev  0x00003976       0x62 C:/Freescale/CW MCU v10.6/MCU/ARM_GCC_Support/ewl/lib/armv6-m\libc.a(memset.o)
 .debug_abbrev  0x000039d8      0x200 C:/Freescale/CW MCU v10.6/MCU/ARM_GCC_Support/ewl/lib/armv6-m\libc.a(printformat_.o)
 .debug_abbrev  0x00003bd8      0x1f0 C:/Freescale/CW MCU v10.6/MCU/ARM_GCC_Support/ewl/lib/armv6-m\libc.a(scanformat_.o)
 .debug_abbrev  0x00003dc8       0x9e C:/Freescale/CW MCU v10.6/MCU/ARM_GCC_Support/ewl/lib/armv6-m\libc.a(ctype_aeabi.o)
 .debug_abbrev  0x00003e66       0xc2 C:/Freescale/CW MCU v10.6/MCU/ARM_GCC_Support/ewl/lib/armv6-m\libc.a(__strtoul.o)
 .debug_abbrev  0x00003f28       0x78 C:/Freescale/CW MCU v10.6/MCU/ARM_GCC_Support/ewl/lib/armv6-m\libc.a(__filll_mem.o)
 .debug_abbrev  0x00003fa0       0x95 C:/Freescale/CW MCU v10.6/MCU/ARM_GCC_Support/ewl/lib/armv6-m\libc.a(memchr.o)
 .debug_abbrev  0x00004035       0x95 C:/Freescale/CW MCU v10.6/MCU/ARM_GCC_Support/ewl/lib/armv6-m\libc.a(memcpy.o)
 .debug_abbrev  0x000040ca       0x7a C:/Freescale/CW MCU v10.6/MCU/ARM_GCC_Support/ewl/lib/armv6-m\libc.a(strchr.o)
 .debug_abbrev  0x00004144       0x7a C:/Freescale/CW MCU v10.6/MCU/ARM_GCC_Support/ewl/lib/armv6-m\libc.a(strlen.o)
 .debug_abbrev  0x000041be       0x99 C:/Freescale/CW MCU v10.6/MCU/ARM_GCC_Support/ewl/lib/armv6-m\librt.a(gcc_ctor_dtor.o)
 .debug_abbrev  0x00004257      0x120 C:/Freescale/CW MCU v10.6/MCU/ARM_GCC_Support/ewl/lib/armv6-m\librt.a(ROMCopy.o)
 .debug_abbrev  0x00004377      0x1b3 C:/Freescale/CW MCU v10.6/MCU/ARM_GCC_Support/ewl/lib/armv6-m\librt.a(__arm_eabi_init.o)

.debug_aranges  0x00000000      0xe80
 .debug_aranges
                0x00000000       0x18 ./Generated_Code/Vectors.o
 .debug_aranges
                0x00000018       0x20 ./Generated_Code/UP2.o
 .debug_aranges
                0x00000038       0x20 ./Generated_Code/UP1.o
 .debug_aranges
                0x00000058       0x38 ./Generated_Code/Procesamiento.o
 .debug_aranges
                0x00000090       0x20 ./Generated_Code/PTA.o
 .debug_aranges
                0x000000b0       0x30 ./Generated_Code/PE_LDD.o
 .debug_aranges
                0x000000e0       0x50 ./Generated_Code/Microcontrolador.o
 .debug_aranges
                0x00000130       0x40 ./Generated_Code/Matriz.o
 .debug_aranges
                0x00000170       0x30 ./Generated_Code/ExtIntLdd4.o
 .debug_aranges
                0x000001a0       0x30 ./Generated_Code/ExtIntLdd3.o
 .debug_aranges
                0x000001d0       0x30 ./Generated_Code/ExtIntLdd2.o
 .debug_aranges
                0x00000200       0x30 ./Generated_Code/ExtIntLdd1.o
 .debug_aranges
                0x00000230       0x20 ./Generated_Code/DOWN2.o
 .debug_aranges
                0x00000250       0x20 ./Generated_Code/DOWN1.o
 .debug_aranges
                0x00000270       0x48 ./Generated_Code/BitIoLdd9.o
 .debug_aranges
                0x000002b8       0x48 ./Generated_Code/BitIoLdd8.o
 .debug_aranges
                0x00000300       0x48 ./Generated_Code/BitIoLdd7.o
 .debug_aranges
                0x00000348       0x48 ./Generated_Code/BitIoLdd6.o
 .debug_aranges
                0x00000390       0x48 ./Generated_Code/BitIoLdd5.o
 .debug_aranges
                0x000003d8       0x48 ./Generated_Code/BitIoLdd4.o
 .debug_aranges
                0x00000420       0x40 ./Generated_Code/BitIoLdd31.o
 .debug_aranges
                0x00000460       0x40 ./Generated_Code/BitIoLdd30.o
 .debug_aranges
                0x000004a0       0x48 ./Generated_Code/BitIoLdd3.o
 .debug_aranges
                0x000004e8       0x40 ./Generated_Code/BitIoLdd29.o
 .debug_aranges
                0x00000528       0x40 ./Generated_Code/BitIoLdd28.o
 .debug_aranges
                0x00000568       0x48 ./Generated_Code/BitIoLdd27.o
 .debug_aranges
                0x000005b0       0x48 ./Generated_Code/BitIoLdd26.o
 .debug_aranges
                0x000005f8       0x48 ./Generated_Code/BitIoLdd25.o
 .debug_aranges
                0x00000640       0x48 ./Generated_Code/BitIoLdd24.o
 .debug_aranges
                0x00000688       0x48 ./Generated_Code/BitIoLdd23.o
 .debug_aranges
                0x000006d0       0x48 ./Generated_Code/BitIoLdd22.o
 .debug_aranges
                0x00000718       0x48 ./Generated_Code/BitIoLdd21.o
 .debug_aranges
                0x00000760       0x48 ./Generated_Code/BitIoLdd20.o
 .debug_aranges
                0x000007a8       0x48 ./Generated_Code/BitIoLdd2.o
 .debug_aranges
                0x000007f0       0x40 ./Generated_Code/BitIoLdd19.o
 .debug_aranges
                0x00000830       0x40 ./Generated_Code/BitIoLdd18.o
 .debug_aranges
                0x00000870       0x48 ./Generated_Code/BitIoLdd17.o
 .debug_aranges
                0x000008b8       0x48 ./Generated_Code/BitIoLdd16.o
 .debug_aranges
                0x00000900       0x48 ./Generated_Code/BitIoLdd15.o
 .debug_aranges
                0x00000948       0x48 ./Generated_Code/BitIoLdd14.o
 .debug_aranges
                0x00000990       0x48 ./Generated_Code/BitIoLdd13.o
 .debug_aranges
                0x000009d8       0x48 ./Generated_Code/BitIoLdd12.o
 .debug_aranges
                0x00000a20       0x48 ./Generated_Code/BitIoLdd11.o
 .debug_aranges
                0x00000a68       0x48 ./Generated_Code/BitIoLdd10.o
 .debug_aranges
                0x00000ab0       0x48 ./Generated_Code/BitIoLdd1.o
 .debug_aranges
                0x00000af8       0x30 ./Project_Settings/Startup_Code/__arm_start.o
 .debug_aranges
                0x00000b28       0x20 ./Project_Settings/Startup_Code/__arm_end.o
 .debug_aranges
                0x00000b48       0x20 ./Sources/main.o
 .debug_aranges
                0x00000b68       0x70 ./Sources/Events.o
 .debug_aranges
                0x00000bd8       0x20 C:/Freescale/CW MCU v10.6/MCU/ARM_GCC_Support/ewl/lib/armv6-m\libc.a(exit.o)
 .debug_aranges
                0x00000bf8       0x28 C:/Freescale/CW MCU v10.6/MCU/ARM_GCC_Support/ewl/lib/armv6-m\libc.a(rand.o)
 .debug_aranges
                0x00000c20       0x20 C:/Freescale/CW MCU v10.6/MCU/ARM_GCC_Support/ewl/lib/armv6-m\libc.a(memset.o)
 .debug_aranges
                0x00000c40       0x28 C:/Freescale/CW MCU v10.6/MCU/ARM_GCC_Support/ewl/lib/armv6-m\libc.a(printformat_.o)
 .debug_aranges
                0x00000c68       0x20 C:/Freescale/CW MCU v10.6/MCU/ARM_GCC_Support/ewl/lib/armv6-m\libc.a(scanformat_.o)
 .debug_aranges
                0x00000c88       0x88 C:/Freescale/CW MCU v10.6/MCU/ARM_GCC_Support/ewl/lib/armv6-m\libc.a(ctype_aeabi.o)
 .debug_aranges
                0x00000d10       0x20 C:/Freescale/CW MCU v10.6/MCU/ARM_GCC_Support/ewl/lib/armv6-m\libc.a(__strtoul.o)
 .debug_aranges
                0x00000d30       0x20 C:/Freescale/CW MCU v10.6/MCU/ARM_GCC_Support/ewl/lib/armv6-m\libc.a(__filll_mem.o)
 .debug_aranges
                0x00000d50       0x20 C:/Freescale/CW MCU v10.6/MCU/ARM_GCC_Support/ewl/lib/armv6-m\libc.a(memchr.o)
 .debug_aranges
                0x00000d70       0x20 C:/Freescale/CW MCU v10.6/MCU/ARM_GCC_Support/ewl/lib/armv6-m\libc.a(memcpy.o)
 .debug_aranges
                0x00000d90       0x20 C:/Freescale/CW MCU v10.6/MCU/ARM_GCC_Support/ewl/lib/armv6-m\libc.a(strchr.o)
 .debug_aranges
                0x00000db0       0x20 C:/Freescale/CW MCU v10.6/MCU/ARM_GCC_Support/ewl/lib/armv6-m\libc.a(strlen.o)
 .debug_aranges
                0x00000dd0       0x28 C:/Freescale/CW MCU v10.6/MCU/ARM_GCC_Support/ewl/lib/armv6-m\librt.a(gcc_ctor_dtor.o)
 .debug_aranges
                0x00000df8       0x30 C:/Freescale/CW MCU v10.6/MCU/ARM_GCC_Support/ewl/lib/armv6-m\librt.a(ROMCopy.o)
 .debug_aranges
                0x00000e28       0x58 C:/Freescale/CW MCU v10.6/MCU/ARM_GCC_Support/ewl/lib/armv6-m\librt.a(__arm_eabi_init.o)

.debug_macinfo  0x00000000   0xb811e7
 .debug_macinfo
                0x00000000    0x4882b ./Generated_Code/Vectors.o
 .debug_macinfo
                0x0004882b    0x48766 ./Generated_Code/UP2.o
 .debug_macinfo
                0x00090f91    0x48766 ./Generated_Code/UP1.o
 .debug_macinfo
                0x000d96f7    0x487b5 ./Generated_Code/Procesamiento.o
 .debug_macinfo
                0x00121eac    0x3a220 ./Generated_Code/PTA.o
 .debug_macinfo
                0x0015c0cc    0x486ca ./Generated_Code/PE_LDD.o
 .debug_macinfo
                0x001a4796    0x4882e ./Generated_Code/Microcontrolador.o
 .debug_macinfo
                0x001ecfc4    0x487b5 ./Generated_Code/Matriz.o
 .debug_macinfo
                0x00235779    0x3e849 ./Generated_Code/ExtIntLdd4.o
 .debug_macinfo
                0x00273fc2    0x3e847 ./Generated_Code/ExtIntLdd3.o
 .debug_macinfo
                0x002b2809    0x3e84b ./Generated_Code/ExtIntLdd2.o
 .debug_macinfo
                0x002f1054    0x3e845 ./Generated_Code/ExtIntLdd1.o
 .debug_macinfo
                0x0032f899    0x48766 ./Generated_Code/DOWN2.o
 .debug_macinfo
                0x00377fff    0x48766 ./Generated_Code/DOWN1.o
 .debug_macinfo
                0x003c0765    0x3b19a ./Generated_Code/BitIoLdd9.o
 .debug_macinfo
                0x003fb8ff    0x3b19a ./Generated_Code/BitIoLdd8.o
 .debug_macinfo
                0x00436a99    0x3b19a ./Generated_Code/BitIoLdd7.o
 .debug_macinfo
                0x00471c33    0x3b198 ./Generated_Code/BitIoLdd6.o
 .debug_macinfo
                0x004acdcb    0x3b198 ./Generated_Code/BitIoLdd5.o
 .debug_macinfo
                0x004e7f63    0x3b198 ./Generated_Code/BitIoLdd4.o
 .debug_macinfo
                0x005230fb    0x3b187 ./Generated_Code/BitIoLdd31.o
 .debug_macinfo
                0x0055e282    0x3b187 ./Generated_Code/BitIoLdd30.o
 .debug_macinfo
                0x00599409    0x3b198 ./Generated_Code/BitIoLdd3.o
 .debug_macinfo
                0x005d45a1    0x3b187 ./Generated_Code/BitIoLdd29.o
 .debug_macinfo
                0x0060f728    0x3b187 ./Generated_Code/BitIoLdd28.o
 .debug_macinfo
                0x0064a8af    0x3b1a5 ./Generated_Code/BitIoLdd27.o
 .debug_macinfo
                0x00685a54    0x3b1a5 ./Generated_Code/BitIoLdd26.o
 .debug_macinfo
                0x006c0bf9    0x3b1a5 ./Generated_Code/BitIoLdd25.o
 .debug_macinfo
                0x006fbd9e    0x3b1ab ./Generated_Code/BitIoLdd24.o
 .debug_macinfo
                0x00736f49    0x3b1ab ./Generated_Code/BitIoLdd23.o
 .debug_macinfo
                0x007720f4    0x3b1ab ./Generated_Code/BitIoLdd22.o
 .debug_macinfo
                0x007ad29f    0x3b1a7 ./Generated_Code/BitIoLdd21.o
 .debug_macinfo
                0x007e8446    0x3b1a7 ./Generated_Code/BitIoLdd20.o
 .debug_macinfo
                0x008235ed    0x3b198 ./Generated_Code/BitIoLdd2.o
 .debug_macinfo
                0x0085e785    0x3b187 ./Generated_Code/BitIoLdd19.o
 .debug_macinfo
                0x0089990c    0x3b187 ./Generated_Code/BitIoLdd18.o
 .debug_macinfo
                0x008d4a93    0x3b1a5 ./Generated_Code/BitIoLdd17.o
 .debug_macinfo
                0x0090fc38    0x3b1a5 ./Generated_Code/BitIoLdd16.o
 .debug_macinfo
                0x0094addd    0x3b1a7 ./Generated_Code/BitIoLdd15.o
 .debug_macinfo
                0x00985f84    0x3b1a7 ./Generated_Code/BitIoLdd14.o
 .debug_macinfo
                0x009c112b    0x3b1a5 ./Generated_Code/BitIoLdd13.o
 .debug_macinfo
                0x009fc2d0    0x3b1a5 ./Generated_Code/BitIoLdd12.o
 .debug_macinfo
                0x00a37475    0x3b1a5 ./Generated_Code/BitIoLdd11.o
 .debug_macinfo
                0x00a7261a    0x3b1a5 ./Generated_Code/BitIoLdd10.o
 .debug_macinfo
                0x00aad7bf    0x3b198 ./Generated_Code/BitIoLdd1.o
 .debug_macinfo
                0x00ae8957     0x3e6d ./Project_Settings/Startup_Code/__arm_start.o
 .debug_macinfo
                0x00aec7c4     0x3456 ./Project_Settings/Startup_Code/__arm_end.o
 .debug_macinfo
                0x00aefc1a    0x48766 ./Sources/main.o
 .debug_macinfo
                0x00b38380    0x48e67 ./Sources/Events.o

.debug_line     0x00000000     0xd3bf
 .debug_line    0x00000000      0xa84 ./Generated_Code/Vectors.o
 .debug_line    0x00000a84      0x6c7 ./Generated_Code/UP2.o
 .debug_line    0x0000114b      0x6c7 ./Generated_Code/UP1.o
 .debug_line    0x00001812      0x73d ./Generated_Code/Procesamiento.o
 .debug_line    0x00001f4f      0x225 ./Generated_Code/PTA.o
 .debug_line    0x00002174      0x67f ./Generated_Code/PE_LDD.o
 .debug_line    0x000027f3      0xb5d ./Generated_Code/Microcontrolador.o
 .debug_line    0x00003350      0x73c ./Generated_Code/Matriz.o
 .debug_line    0x00003a8c      0x2dc ./Generated_Code/ExtIntLdd4.o
 .debug_line    0x00003d68      0x2da ./Generated_Code/ExtIntLdd3.o
 .debug_line    0x00004042      0x2dc ./Generated_Code/ExtIntLdd2.o
 .debug_line    0x0000431e      0x2da ./Generated_Code/ExtIntLdd1.o
 .debug_line    0x000045f8      0x6cb ./Generated_Code/DOWN2.o
 .debug_line    0x00004cc3      0x6cb ./Generated_Code/DOWN1.o
 .debug_line    0x0000538e      0x2f5 ./Generated_Code/BitIoLdd9.o
 .debug_line    0x00005683      0x2f5 ./Generated_Code/BitIoLdd8.o
 .debug_line    0x00005978      0x2f5 ./Generated_Code/BitIoLdd7.o
 .debug_line    0x00005c6d      0x2f5 ./Generated_Code/BitIoLdd6.o
 .debug_line    0x00005f62      0x2f5 ./Generated_Code/BitIoLdd5.o
 .debug_line    0x00006257      0x2f5 ./Generated_Code/BitIoLdd4.o
 .debug_line    0x0000654c      0x2e1 ./Generated_Code/BitIoLdd31.o
 .debug_line    0x0000682d      0x2e1 ./Generated_Code/BitIoLdd30.o
 .debug_line    0x00006b0e      0x2f5 ./Generated_Code/BitIoLdd3.o
 .debug_line    0x00006e03      0x2e1 ./Generated_Code/BitIoLdd29.o
 .debug_line    0x000070e4      0x2e1 ./Generated_Code/BitIoLdd28.o
 .debug_line    0x000073c5      0x2f7 ./Generated_Code/BitIoLdd27.o
 .debug_line    0x000076bc      0x2f7 ./Generated_Code/BitIoLdd26.o
 .debug_line    0x000079b3      0x2f7 ./Generated_Code/BitIoLdd25.o
 .debug_line    0x00007caa      0x2f7 ./Generated_Code/BitIoLdd24.o
 .debug_line    0x00007fa1      0x2f7 ./Generated_Code/BitIoLdd23.o
 .debug_line    0x00008298      0x2f7 ./Generated_Code/BitIoLdd22.o
 .debug_line    0x0000858f      0x2f7 ./Generated_Code/BitIoLdd21.o
 .debug_line    0x00008886      0x2f7 ./Generated_Code/BitIoLdd20.o
 .debug_line    0x00008b7d      0x2f5 ./Generated_Code/BitIoLdd2.o
 .debug_line    0x00008e72      0x2e1 ./Generated_Code/BitIoLdd19.o
 .debug_line    0x00009153      0x2e1 ./Generated_Code/BitIoLdd18.o
 .debug_line    0x00009434      0x2f7 ./Generated_Code/BitIoLdd17.o
 .debug_line    0x0000972b      0x2f7 ./Generated_Code/BitIoLdd16.o
 .debug_line    0x00009a22      0x2f6 ./Generated_Code/BitIoLdd15.o
 .debug_line    0x00009d18      0x2f6 ./Generated_Code/BitIoLdd14.o
 .debug_line    0x0000a00e      0x2f7 ./Generated_Code/BitIoLdd13.o
 .debug_line    0x0000a305      0x2f7 ./Generated_Code/BitIoLdd12.o
 .debug_line    0x0000a5fc      0x2f7 ./Generated_Code/BitIoLdd11.o
 .debug_line    0x0000a8f3      0x2f7 ./Generated_Code/BitIoLdd10.o
 .debug_line    0x0000abea      0x2f5 ./Generated_Code/BitIoLdd1.o
 .debug_line    0x0000aedf      0x29d ./Project_Settings/Startup_Code/__arm_start.o
 .debug_line    0x0000b17c      0x266 ./Project_Settings/Startup_Code/__arm_end.o
 .debug_line    0x0000b3e2      0x683 ./Sources/main.o
 .debug_line    0x0000ba65      0x9eb ./Sources/Events.o
 .debug_line    0x0000c450       0x8d C:/Freescale/CW MCU v10.6/MCU/ARM_GCC_Support/ewl/lib/armv6-m\libc.a(exit.o)
 .debug_line    0x0000c4dd       0x93 C:/Freescale/CW MCU v10.6/MCU/ARM_GCC_Support/ewl/lib/armv6-m\libc.a(rand.o)
 .debug_line    0x0000c570       0x90 C:/Freescale/CW MCU v10.6/MCU/ARM_GCC_Support/ewl/lib/armv6-m\libc.a(memset.o)
 .debug_line    0x0000c600      0x2c3 C:/Freescale/CW MCU v10.6/MCU/ARM_GCC_Support/ewl/lib/armv6-m\libc.a(printformat_.o)
 .debug_line    0x0000c8c3      0x2be C:/Freescale/CW MCU v10.6/MCU/ARM_GCC_Support/ewl/lib/armv6-m\libc.a(scanformat_.o)
 .debug_line    0x0000cb81      0x1be C:/Freescale/CW MCU v10.6/MCU/ARM_GCC_Support/ewl/lib/armv6-m\libc.a(ctype_aeabi.o)
 .debug_line    0x0000cd3f      0x11e C:/Freescale/CW MCU v10.6/MCU/ARM_GCC_Support/ewl/lib/armv6-m\libc.a(__strtoul.o)
 .debug_line    0x0000ce5d       0xf6 C:/Freescale/CW MCU v10.6/MCU/ARM_GCC_Support/ewl/lib/armv6-m\libc.a(__filll_mem.o)
 .debug_line    0x0000cf53       0x9f C:/Freescale/CW MCU v10.6/MCU/ARM_GCC_Support/ewl/lib/armv6-m\libc.a(memchr.o)
 .debug_line    0x0000cff2       0x8b C:/Freescale/CW MCU v10.6/MCU/ARM_GCC_Support/ewl/lib/armv6-m\libc.a(memcpy.o)
 .debug_line    0x0000d07d       0x7d C:/Freescale/CW MCU v10.6/MCU/ARM_GCC_Support/ewl/lib/armv6-m\libc.a(strchr.o)
 .debug_line    0x0000d0fa       0x85 C:/Freescale/CW MCU v10.6/MCU/ARM_GCC_Support/ewl/lib/armv6-m\libc.a(strlen.o)
 .debug_line    0x0000d17f       0x6c C:/Freescale/CW MCU v10.6/MCU/ARM_GCC_Support/ewl/lib/armv6-m\librt.a(gcc_ctor_dtor.o)
 .debug_line    0x0000d1eb       0xbd C:/Freescale/CW MCU v10.6/MCU/ARM_GCC_Support/ewl/lib/armv6-m\librt.a(ROMCopy.o)
 .debug_line    0x0000d2a8      0x117 C:/Freescale/CW MCU v10.6/MCU/ARM_GCC_Support/ewl/lib/armv6-m\librt.a(__arm_eabi_init.o)

.debug_str      0x00000000     0x2c98
 .debug_str     0x00000000      0x142 ./Generated_Code/Vectors.o
                                0x16e (size before relaxing)
 .debug_str     0x00000142       0x49 ./Generated_Code/UP2.o
                                0x159 (size before relaxing)
 .debug_str     0x0000018b       0x2f ./Generated_Code/UP1.o
                                0x159 (size before relaxing)
 .debug_str     0x000001ba      0x2cd ./Generated_Code/Procesamiento.o
                                0x414 (size before relaxing)
 .debug_str     0x00000487       0x3f ./Generated_Code/PTA.o
                                0x173 (size before relaxing)
 .debug_str     0x000004c6      0x177 ./Generated_Code/PE_LDD.o
                                0x2d1 (size before relaxing)
 .debug_str     0x0000063d      0x234 ./Generated_Code/Microcontrolador.o
                                0x4d2 (size before relaxing)
 .debug_str     0x00000871      0x101 ./Generated_Code/Matriz.o
                                0x3de (size before relaxing)
 .debug_str     0x00000972       0xa8 ./Generated_Code/ExtIntLdd4.o
                                0x315 (size before relaxing)
 .debug_str     0x00000a1a       0x87 ./Generated_Code/ExtIntLdd3.o
                                0x315 (size before relaxing)
 .debug_str     0x00000aa1       0x87 ./Generated_Code/ExtIntLdd2.o
                                0x315 (size before relaxing)
 .debug_str     0x00000b28       0x87 ./Generated_Code/ExtIntLdd1.o
                                0x315 (size before relaxing)
 .debug_str     0x00000baf       0x31 ./Generated_Code/DOWN2.o
                                0x15b (size before relaxing)
 .debug_str     0x00000be0       0x31 ./Generated_Code/DOWN1.o
                                0x15b (size before relaxing)
 .debug_str     0x00000c11       0xd7 ./Generated_Code/BitIoLdd9.o
                                0x2eb (size before relaxing)
 .debug_str     0x00000ce8       0xb1 ./Generated_Code/BitIoLdd8.o
                                0x2eb (size before relaxing)
 .debug_str     0x00000d99       0xb1 ./Generated_Code/BitIoLdd7.o
                                0x2eb (size before relaxing)
 .debug_str     0x00000e4a       0xb1 ./Generated_Code/BitIoLdd6.o
                                0x2eb (size before relaxing)
 .debug_str     0x00000efb       0xb1 ./Generated_Code/BitIoLdd5.o
                                0x2eb (size before relaxing)
 .debug_str     0x00000fac       0xb1 ./Generated_Code/BitIoLdd4.o
                                0x2eb (size before relaxing)
 .debug_str     0x0000105d       0xa8 ./Generated_Code/BitIoLdd31.o
                                0x2e2 (size before relaxing)
 .debug_str     0x00001105       0xa8 ./Generated_Code/BitIoLdd30.o
                                0x2e2 (size before relaxing)
 .debug_str     0x000011ad       0xb1 ./Generated_Code/BitIoLdd3.o
                                0x2eb (size before relaxing)
 .debug_str     0x0000125e       0xa8 ./Generated_Code/BitIoLdd29.o
                                0x2e2 (size before relaxing)
 .debug_str     0x00001306       0xa8 ./Generated_Code/BitIoLdd28.o
                                0x2e2 (size before relaxing)
 .debug_str     0x000013ae       0xba ./Generated_Code/BitIoLdd27.o
                                0x2f4 (size before relaxing)
 .debug_str     0x00001468       0xba ./Generated_Code/BitIoLdd26.o
                                0x2f4 (size before relaxing)
 .debug_str     0x00001522       0xba ./Generated_Code/BitIoLdd25.o
                                0x2f4 (size before relaxing)
 .debug_str     0x000015dc       0xba ./Generated_Code/BitIoLdd24.o
                                0x2f4 (size before relaxing)
 .debug_str     0x00001696       0xba ./Generated_Code/BitIoLdd23.o
                                0x2f4 (size before relaxing)
 .debug_str     0x00001750       0xba ./Generated_Code/BitIoLdd22.o
                                0x2f4 (size before relaxing)
 .debug_str     0x0000180a       0xba ./Generated_Code/BitIoLdd21.o
                                0x2f4 (size before relaxing)
 .debug_str     0x000018c4       0xba ./Generated_Code/BitIoLdd20.o
                                0x2f4 (size before relaxing)
 .debug_str     0x0000197e       0xb1 ./Generated_Code/BitIoLdd2.o
                                0x2eb (size before relaxing)
 .debug_str     0x00001a2f       0xa8 ./Generated_Code/BitIoLdd19.o
                                0x2e2 (size before relaxing)
 .debug_str     0x00001ad7       0xa8 ./Generated_Code/BitIoLdd18.o
                                0x2e2 (size before relaxing)
 .debug_str     0x00001b7f       0xba ./Generated_Code/BitIoLdd17.o
                                0x2f4 (size before relaxing)
 .debug_str     0x00001c39       0xba ./Generated_Code/BitIoLdd16.o
                                0x2f4 (size before relaxing)
 .debug_str     0x00001cf3       0xba ./Generated_Code/BitIoLdd15.o
                                0x2f4 (size before relaxing)
 .debug_str     0x00001dad       0xba ./Generated_Code/BitIoLdd14.o
                                0x2f4 (size before relaxing)
 .debug_str     0x00001e67       0xba ./Generated_Code/BitIoLdd13.o
                                0x2f4 (size before relaxing)
 .debug_str     0x00001f21       0xba ./Generated_Code/BitIoLdd12.o
                                0x2f4 (size before relaxing)
 .debug_str     0x00001fdb       0xba ./Generated_Code/BitIoLdd11.o
                                0x2f4 (size before relaxing)
 .debug_str     0x00002095       0xba ./Generated_Code/BitIoLdd10.o
                                0x2f4 (size before relaxing)
 .debug_str     0x0000214f       0xb1 ./Generated_Code/BitIoLdd1.o
                                0x2eb (size before relaxing)
 .debug_str     0x00002200       0x85 ./Project_Settings/Startup_Code/__arm_start.o
                                0x19c (size before relaxing)
 .debug_str     0x00002285       0x41 ./Project_Settings/Startup_Code/__arm_end.o
                                 0xd3 (size before relaxing)
 .debug_str     0x000022c6       0x17 ./Sources/main.o
                                0x127 (size before relaxing)
 .debug_str     0x000022dd      0x119 ./Sources/Events.o
                                0x27c (size before relaxing)
 .debug_str     0x000023f6       0x54 C:/Freescale/CW MCU v10.6/MCU/ARM_GCC_Support/ewl/lib/armv6-m\libc.a(exit.o)
                                0x157 (size before relaxing)
 .debug_str     0x0000244a       0x30 C:/Freescale/CW MCU v10.6/MCU/ARM_GCC_Support/ewl/lib/armv6-m\libc.a(rand.o)
                                0x152 (size before relaxing)
 .debug_str     0x0000247a       0x23 C:/Freescale/CW MCU v10.6/MCU/ARM_GCC_Support/ewl/lib/armv6-m\libc.a(memset.o)
                                0x140 (size before relaxing)
 .debug_str     0x0000249d      0x234 C:/Freescale/CW MCU v10.6/MCU/ARM_GCC_Support/ewl/lib/armv6-m\libc.a(printformat_.o)
                                0x3b3 (size before relaxing)
 .debug_str     0x000026d1      0x184 C:/Freescale/CW MCU v10.6/MCU/ARM_GCC_Support/ewl/lib/armv6-m\libc.a(scanformat_.o)
                                0x3f9 (size before relaxing)
 .debug_str     0x00002855       0x9d C:/Freescale/CW MCU v10.6/MCU/ARM_GCC_Support/ewl/lib/armv6-m\libc.a(ctype_aeabi.o)
                                0x1bc (size before relaxing)
 .debug_str     0x000028f2       0x61 C:/Freescale/CW MCU v10.6/MCU/ARM_GCC_Support/ewl/lib/armv6-m\libc.a(__strtoul.o)
                                0x1fb (size before relaxing)
 .debug_str     0x00002953       0x25 C:/Freescale/CW MCU v10.6/MCU/ARM_GCC_Support/ewl/lib/armv6-m\libc.a(__filll_mem.o)
                                0x152 (size before relaxing)
 .debug_str     0x00002978       0x1c C:/Freescale/CW MCU v10.6/MCU/ARM_GCC_Support/ewl/lib/armv6-m\libc.a(memchr.o)
                                0x148 (size before relaxing)
 .debug_str     0x00002994       0x1c C:/Freescale/CW MCU v10.6/MCU/ARM_GCC_Support/ewl/lib/armv6-m\libc.a(memcpy.o)
                                0x138 (size before relaxing)
 .debug_str     0x000029b0       0x1c C:/Freescale/CW MCU v10.6/MCU/ARM_GCC_Support/ewl/lib/armv6-m\libc.a(strchr.o)
                                0x137 (size before relaxing)
 .debug_str     0x000029cc       0x1c C:/Freescale/CW MCU v10.6/MCU/ARM_GCC_Support/ewl/lib/armv6-m\libc.a(strlen.o)
                                0x140 (size before relaxing)
 .debug_str     0x000029e8      0x126 C:/Freescale/CW MCU v10.6/MCU/ARM_GCC_Support/ewl/lib/armv6-m\librt.a(gcc_ctor_dtor.o)
                                0x181 (size before relaxing)
 .debug_str     0x00002b0e       0xa1 C:/Freescale/CW MCU v10.6/MCU/ARM_GCC_Support/ewl/lib/armv6-m\librt.a(ROMCopy.o)
                                0x13c (size before relaxing)
 .debug_str     0x00002baf       0xe9 C:/Freescale/CW MCU v10.6/MCU/ARM_GCC_Support/ewl/lib/armv6-m\librt.a(__arm_eabi_init.o)
                                0x1b5 (size before relaxing)

.comment        0x00000000       0x79
 .comment       0x00000000       0x79 ./Generated_Code/Vectors.o
                                 0x7a (size before relaxing)
 .comment       0x00000000       0x7a ./Generated_Code/UP2.o
 .comment       0x00000000       0x7a ./Generated_Code/UP1.o
 .comment       0x00000000       0x7a ./Generated_Code/Procesamiento.o
 .comment       0x00000000       0x7a ./Generated_Code/PTA.o
 .comment       0x00000000       0x7a ./Generated_Code/PE_LDD.o
 .comment       0x00000000       0x7a ./Generated_Code/Microcontrolador.o
 .comment       0x00000000       0x7a ./Generated_Code/Matriz.o
 .comment       0x00000000       0x7a ./Generated_Code/ExtIntLdd4.o
 .comment       0x00000000       0x7a ./Generated_Code/ExtIntLdd3.o
 .comment       0x00000000       0x7a ./Generated_Code/ExtIntLdd2.o
 .comment       0x00000000       0x7a ./Generated_Code/ExtIntLdd1.o
 .comment       0x00000000       0x7a ./Generated_Code/DOWN2.o
 .comment       0x00000000       0x7a ./Generated_Code/DOWN1.o
 .comment       0x00000000       0x7a ./Generated_Code/BitIoLdd9.o
 .comment       0x00000000       0x7a ./Generated_Code/BitIoLdd8.o
 .comment       0x00000000       0x7a ./Generated_Code/BitIoLdd7.o
 .comment       0x00000000       0x7a ./Generated_Code/BitIoLdd6.o
 .comment       0x00000000       0x7a ./Generated_Code/BitIoLdd5.o
 .comment       0x00000000       0x7a ./Generated_Code/BitIoLdd4.o
 .comment       0x00000000       0x7a ./Generated_Code/BitIoLdd31.o
 .comment       0x00000000       0x7a ./Generated_Code/BitIoLdd30.o
 .comment       0x00000000       0x7a ./Generated_Code/BitIoLdd3.o
 .comment       0x00000000       0x7a ./Generated_Code/BitIoLdd29.o
 .comment       0x00000000       0x7a ./Generated_Code/BitIoLdd28.o
 .comment       0x00000000       0x7a ./Generated_Code/BitIoLdd27.o
 .comment       0x00000000       0x7a ./Generated_Code/BitIoLdd26.o
 .comment       0x00000000       0x7a ./Generated_Code/BitIoLdd25.o
 .comment       0x00000000       0x7a ./Generated_Code/BitIoLdd24.o
 .comment       0x00000000       0x7a ./Generated_Code/BitIoLdd23.o
 .comment       0x00000000       0x7a ./Generated_Code/BitIoLdd22.o
 .comment       0x00000000       0x7a ./Generated_Code/BitIoLdd21.o
 .comment       0x00000000       0x7a ./Generated_Code/BitIoLdd20.o
 .comment       0x00000000       0x7a ./Generated_Code/BitIoLdd2.o
 .comment       0x00000000       0x7a ./Generated_Code/BitIoLdd19.o
 .comment       0x00000000       0x7a ./Generated_Code/BitIoLdd18.o
 .comment       0x00000000       0x7a ./Generated_Code/BitIoLdd17.o
 .comment       0x00000000       0x7a ./Generated_Code/BitIoLdd16.o
 .comment       0x00000000       0x7a ./Generated_Code/BitIoLdd15.o
 .comment       0x00000000       0x7a ./Generated_Code/BitIoLdd14.o
 .comment       0x00000000       0x7a ./Generated_Code/BitIoLdd13.o
 .comment       0x00000000       0x7a ./Generated_Code/BitIoLdd12.o
 .comment       0x00000000       0x7a ./Generated_Code/BitIoLdd11.o
 .comment       0x00000000       0x7a ./Generated_Code/BitIoLdd10.o
 .comment       0x00000000       0x7a ./Generated_Code/BitIoLdd1.o
 .comment       0x00000000       0x7a ./Project_Settings/Startup_Code/__arm_start.o
 .comment       0x00000000       0x7a ./Project_Settings/Startup_Code/__arm_end.o
 .comment       0x00000000       0x7a ./Sources/main.o
 .comment       0x00000000       0x7a ./Sources/Events.o
 .comment       0x00000000       0x7a C:/Freescale/CW MCU v10.6/MCU/ARM_GCC_Support/ewl/lib/armv6-m\libc.a(exit.o)
 .comment       0x00000000       0x7a C:/Freescale/CW MCU v10.6/MCU/ARM_GCC_Support/ewl/lib/armv6-m\libc.a(rand.o)
 .comment       0x00000000       0x7a C:/Freescale/CW MCU v10.6/MCU/ARM_GCC_Support/ewl/lib/armv6-m\libc.a(memset.o)
 .comment       0x00000000       0x7a C:/Freescale/CW MCU v10.6/MCU/ARM_GCC_Support/ewl/lib/armv6-m\libc.a(printformat_.o)
 .comment       0x00000000       0x7a C:/Freescale/CW MCU v10.6/MCU/ARM_GCC_Support/ewl/lib/armv6-m\libc.a(scanformat_.o)
 .comment       0x00000000       0x7a C:/Freescale/CW MCU v10.6/MCU/ARM_GCC_Support/ewl/lib/armv6-m\libc.a(ctype_aeabi.o)
 .comment       0x00000000       0x7a C:/Freescale/CW MCU v10.6/MCU/ARM_GCC_Support/ewl/lib/armv6-m\libc.a(__strtoul.o)
 .comment       0x00000000       0x7a C:/Freescale/CW MCU v10.6/MCU/ARM_GCC_Support/ewl/lib/armv6-m\libc.a(__filll_mem.o)
 .comment       0x00000000       0x7a C:/Freescale/CW MCU v10.6/MCU/ARM_GCC_Support/ewl/lib/armv6-m\libc.a(memchr.o)
 .comment       0x00000000       0x7a C:/Freescale/CW MCU v10.6/MCU/ARM_GCC_Support/ewl/lib/armv6-m\libc.a(memcpy.o)
 .comment       0x00000000       0x7a C:/Freescale/CW MCU v10.6/MCU/ARM_GCC_Support/ewl/lib/armv6-m\libc.a(strchr.o)
 .comment       0x00000000       0x7a C:/Freescale/CW MCU v10.6/MCU/ARM_GCC_Support/ewl/lib/armv6-m\libc.a(strlen.o)
 .comment       0x00000000       0x7a C:/Freescale/CW MCU v10.6/MCU/ARM_GCC_Support/ewl/lib/armv6-m\librt.a(gcc_ctor_dtor.o)
 .comment       0x00000000       0x7a C:/Freescale/CW MCU v10.6/MCU/ARM_GCC_Support/ewl/lib/armv6-m\librt.a(ROMCopy.o)
 .comment       0x00000000       0x7a C:/Freescale/CW MCU v10.6/MCU/ARM_GCC_Support/ewl/lib/armv6-m\librt.a(__arm_eabi_init.o)

.debug_loc      0x00000000     0x584b
 .debug_loc     0x00000000       0x38 ./Generated_Code/UP2.o
 .debug_loc     0x00000038       0x38 ./Generated_Code/UP1.o
 .debug_loc     0x00000070       0xe0 ./Generated_Code/Procesamiento.o
 .debug_loc     0x00000150       0x2c ./Generated_Code/PTA.o
 .debug_loc     0x0000017c       0x9c ./Generated_Code/PE_LDD.o
 .debug_loc     0x00000218      0x134 ./Generated_Code/Microcontrolador.o
 .debug_loc     0x0000034c      0x118 ./Generated_Code/Matriz.o
 .debug_loc     0x00000464       0xa8 ./Generated_Code/ExtIntLdd4.o
 .debug_loc     0x0000050c       0xa8 ./Generated_Code/ExtIntLdd3.o
 .debug_loc     0x000005b4       0xa8 ./Generated_Code/ExtIntLdd2.o
 .debug_loc     0x0000065c       0xa8 ./Generated_Code/ExtIntLdd1.o
 .debug_loc     0x00000704       0x38 ./Generated_Code/DOWN2.o
 .debug_loc     0x0000073c       0x38 ./Generated_Code/DOWN1.o
 .debug_loc     0x00000774      0x150 ./Generated_Code/BitIoLdd9.o
 .debug_loc     0x000008c4      0x150 ./Generated_Code/BitIoLdd8.o
 .debug_loc     0x00000a14      0x150 ./Generated_Code/BitIoLdd7.o
 .debug_loc     0x00000b64      0x150 ./Generated_Code/BitIoLdd6.o
 .debug_loc     0x00000cb4      0x150 ./Generated_Code/BitIoLdd5.o
 .debug_loc     0x00000e04      0x150 ./Generated_Code/BitIoLdd4.o
 .debug_loc     0x00000f54      0x118 ./Generated_Code/BitIoLdd31.o
 .debug_loc     0x0000106c      0x118 ./Generated_Code/BitIoLdd30.o
 .debug_loc     0x00001184      0x150 ./Generated_Code/BitIoLdd3.o
 .debug_loc     0x000012d4      0x118 ./Generated_Code/BitIoLdd29.o
 .debug_loc     0x000013ec      0x118 ./Generated_Code/BitIoLdd28.o
 .debug_loc     0x00001504      0x150 ./Generated_Code/BitIoLdd27.o
 .debug_loc     0x00001654      0x150 ./Generated_Code/BitIoLdd26.o
 .debug_loc     0x000017a4      0x150 ./Generated_Code/BitIoLdd25.o
 .debug_loc     0x000018f4      0x150 ./Generated_Code/BitIoLdd24.o
 .debug_loc     0x00001a44      0x150 ./Generated_Code/BitIoLdd23.o
 .debug_loc     0x00001b94      0x150 ./Generated_Code/BitIoLdd22.o
 .debug_loc     0x00001ce4      0x150 ./Generated_Code/BitIoLdd21.o
 .debug_loc     0x00001e34      0x150 ./Generated_Code/BitIoLdd20.o
 .debug_loc     0x00001f84      0x150 ./Generated_Code/BitIoLdd2.o
 .debug_loc     0x000020d4      0x118 ./Generated_Code/BitIoLdd19.o
 .debug_loc     0x000021ec      0x118 ./Generated_Code/BitIoLdd18.o
 .debug_loc     0x00002304      0x150 ./Generated_Code/BitIoLdd17.o
 .debug_loc     0x00002454      0x150 ./Generated_Code/BitIoLdd16.o
 .debug_loc     0x000025a4      0x150 ./Generated_Code/BitIoLdd15.o
 .debug_loc     0x000026f4      0x150 ./Generated_Code/BitIoLdd14.o
 .debug_loc     0x00002844      0x150 ./Generated_Code/BitIoLdd13.o
 .debug_loc     0x00002994      0x150 ./Generated_Code/BitIoLdd12.o
 .debug_loc     0x00002ae4      0x150 ./Generated_Code/BitIoLdd11.o
 .debug_loc     0x00002c34      0x150 ./Generated_Code/BitIoLdd10.o
 .debug_loc     0x00002d84      0x150 ./Generated_Code/BitIoLdd1.o
 .debug_loc     0x00002ed4       0x2c ./Project_Settings/Startup_Code/__arm_start.o
 .debug_loc     0x00002f00       0x38 ./Project_Settings/Startup_Code/__arm_end.o
 .debug_loc     0x00002f38       0x2c ./Sources/main.o
 .debug_loc     0x00002f64      0x1fc ./Sources/Events.o
 .debug_loc     0x00003160       0x3e C:/Freescale/CW MCU v10.6/MCU/ARM_GCC_Support/ewl/lib/armv6-m\libc.a(exit.o)
 .debug_loc     0x0000319e       0x6f C:/Freescale/CW MCU v10.6/MCU/ARM_GCC_Support/ewl/lib/armv6-m\libc.a(memset.o)
 .debug_loc     0x0000320d     0x104b C:/Freescale/CW MCU v10.6/MCU/ARM_GCC_Support/ewl/lib/armv6-m\libc.a(printformat_.o)
 .debug_loc     0x00004258      0x9d8 C:/Freescale/CW MCU v10.6/MCU/ARM_GCC_Support/ewl/lib/armv6-m\libc.a(scanformat_.o)
 .debug_loc     0x00004c30      0x30d C:/Freescale/CW MCU v10.6/MCU/ARM_GCC_Support/ewl/lib/armv6-m\libc.a(ctype_aeabi.o)
 .debug_loc     0x00004f3d      0x305 C:/Freescale/CW MCU v10.6/MCU/ARM_GCC_Support/ewl/lib/armv6-m\libc.a(__strtoul.o)
 .debug_loc     0x00005242      0x14a C:/Freescale/CW MCU v10.6/MCU/ARM_GCC_Support/ewl/lib/armv6-m\libc.a(__filll_mem.o)
 .debug_loc     0x0000538c       0x77 C:/Freescale/CW MCU v10.6/MCU/ARM_GCC_Support/ewl/lib/armv6-m\libc.a(memchr.o)
 .debug_loc     0x00005403       0x59 C:/Freescale/CW MCU v10.6/MCU/ARM_GCC_Support/ewl/lib/armv6-m\libc.a(memcpy.o)
 .debug_loc     0x0000545c       0xaf C:/Freescale/CW MCU v10.6/MCU/ARM_GCC_Support/ewl/lib/armv6-m\libc.a(strchr.o)
 .debug_loc     0x0000550b       0x33 C:/Freescale/CW MCU v10.6/MCU/ARM_GCC_Support/ewl/lib/armv6-m\libc.a(strlen.o)
 .debug_loc     0x0000553e       0x9d C:/Freescale/CW MCU v10.6/MCU/ARM_GCC_Support/ewl/lib/armv6-m\librt.a(gcc_ctor_dtor.o)
 .debug_loc     0x000055db       0xd9 C:/Freescale/CW MCU v10.6/MCU/ARM_GCC_Support/ewl/lib/armv6-m\librt.a(ROMCopy.o)
 .debug_loc     0x000056b4      0x197 C:/Freescale/CW MCU v10.6/MCU/ARM_GCC_Support/ewl/lib/armv6-m\librt.a(__arm_eabi_init.o)

.debug_frame    0x00000000     0x2480
 .debug_frame   0x00000000       0x30 ./Generated_Code/UP2.o
 .debug_frame   0x00000030       0x30 ./Generated_Code/UP1.o
 .debug_frame   0x00000060       0x90 ./Generated_Code/Procesamiento.o
 .debug_frame   0x000000f0       0x2c ./Generated_Code/PTA.o
 .debug_frame   0x0000011c       0x6c ./Generated_Code/PE_LDD.o
 .debug_frame   0x00000188       0xd4 ./Generated_Code/Microcontrolador.o
 .debug_frame   0x0000025c       0xb0 ./Generated_Code/Matriz.o
 .debug_frame   0x0000030c       0x70 ./Generated_Code/ExtIntLdd4.o
 .debug_frame   0x0000037c       0x70 ./Generated_Code/ExtIntLdd3.o
 .debug_frame   0x000003ec       0x70 ./Generated_Code/ExtIntLdd2.o
 .debug_frame   0x0000045c       0x70 ./Generated_Code/ExtIntLdd1.o
 .debug_frame   0x000004cc       0x30 ./Generated_Code/DOWN2.o
 .debug_frame   0x000004fc       0x30 ./Generated_Code/DOWN1.o
 .debug_frame   0x0000052c       0xd0 ./Generated_Code/BitIoLdd9.o
 .debug_frame   0x000005fc       0xd0 ./Generated_Code/BitIoLdd8.o
 .debug_frame   0x000006cc       0xd0 ./Generated_Code/BitIoLdd7.o
 .debug_frame   0x0000079c       0xd0 ./Generated_Code/BitIoLdd6.o
 .debug_frame   0x0000086c       0xd0 ./Generated_Code/BitIoLdd5.o
 .debug_frame   0x0000093c       0xd0 ./Generated_Code/BitIoLdd4.o
 .debug_frame   0x00000a0c       0xb0 ./Generated_Code/BitIoLdd31.o
 .debug_frame   0x00000abc       0xb0 ./Generated_Code/BitIoLdd30.o
 .debug_frame   0x00000b6c       0xd0 ./Generated_Code/BitIoLdd3.o
 .debug_frame   0x00000c3c       0xb0 ./Generated_Code/BitIoLdd29.o
 .debug_frame   0x00000cec       0xb0 ./Generated_Code/BitIoLdd28.o
 .debug_frame   0x00000d9c       0xd0 ./Generated_Code/BitIoLdd27.o
 .debug_frame   0x00000e6c       0xd0 ./Generated_Code/BitIoLdd26.o
 .debug_frame   0x00000f3c       0xd0 ./Generated_Code/BitIoLdd25.o
 .debug_frame   0x0000100c       0xd0 ./Generated_Code/BitIoLdd24.o
 .debug_frame   0x000010dc       0xd0 ./Generated_Code/BitIoLdd23.o
 .debug_frame   0x000011ac       0xd0 ./Generated_Code/BitIoLdd22.o
 .debug_frame   0x0000127c       0xd0 ./Generated_Code/BitIoLdd21.o
 .debug_frame   0x0000134c       0xd0 ./Generated_Code/BitIoLdd20.o
 .debug_frame   0x0000141c       0xd0 ./Generated_Code/BitIoLdd2.o
 .debug_frame   0x000014ec       0xb0 ./Generated_Code/BitIoLdd19.o
 .debug_frame   0x0000159c       0xb0 ./Generated_Code/BitIoLdd18.o
 .debug_frame   0x0000164c       0xd0 ./Generated_Code/BitIoLdd17.o
 .debug_frame   0x0000171c       0xd0 ./Generated_Code/BitIoLdd16.o
 .debug_frame   0x000017ec       0xd0 ./Generated_Code/BitIoLdd15.o
 .debug_frame   0x000018bc       0xd0 ./Generated_Code/BitIoLdd14.o
 .debug_frame   0x0000198c       0xd0 ./Generated_Code/BitIoLdd13.o
 .debug_frame   0x00001a5c       0xd0 ./Generated_Code/BitIoLdd12.o
 .debug_frame   0x00001b2c       0xd0 ./Generated_Code/BitIoLdd11.o
 .debug_frame   0x00001bfc       0xd0 ./Generated_Code/BitIoLdd10.o
 .debug_frame   0x00001ccc       0xd0 ./Generated_Code/BitIoLdd1.o
 .debug_frame   0x00001d9c       0x4c ./Project_Settings/Startup_Code/__arm_start.o
 .debug_frame   0x00001de8       0x30 ./Project_Settings/Startup_Code/__arm_end.o
 .debug_frame   0x00001e18       0x2c ./Sources/main.o
 .debug_frame   0x00001e44      0x14c ./Sources/Events.o
 .debug_frame   0x00001f90       0x2c C:/Freescale/CW MCU v10.6/MCU/ARM_GCC_Support/ewl/lib/armv6-m\libc.a(exit.o)
 .debug_frame   0x00001fbc       0x30 C:/Freescale/CW MCU v10.6/MCU/ARM_GCC_Support/ewl/lib/armv6-m\libc.a(rand.o)
 .debug_frame   0x00001fec       0x28 C:/Freescale/CW MCU v10.6/MCU/ARM_GCC_Support/ewl/lib/armv6-m\libc.a(memset.o)